Archive member included to satisfy reference by file (symbol)

app/libapp.a(main.cpp.obj)    (--whole-archive)
app/libapp.a(EC21V2.cpp.obj)  (--whole-archive)
app/libapp.a(UARTE.cpp.obj)   (--whole-archive)
app/libapp.a(RTC.cpp.obj)     (--whole-archive)
zephyr/libzephyr.a(cpp_init.c.obj)
                              (--whole-archive)
zephyr/libzephyr.a(cpp_init_array.c.obj)
                              (--whole-archive)
zephyr/libzephyr.a(cpp_ctors.c.obj)
                              (--whole-archive)
zephyr/libzephyr.a(cpp_dtors.c.obj)
                              (--whole-archive)
zephyr/libzephyr.a(cpp_virtual.c.obj)
                              (--whole-archive)
zephyr/libzephyr.a(cpp_vtable.cpp.obj)
                              (--whole-archive)
zephyr/libzephyr.a(cpp_new.cpp.obj)
                              (--whole-archive)
zephyr/libzephyr.a(heap.c.obj)
                              (--whole-archive)
zephyr/libzephyr.a(cbprintf_packaged.c.obj)
                              (--whole-archive)
zephyr/libzephyr.a(printk.c.obj)
                              (--whole-archive)
zephyr/libzephyr.a(sem.c.obj)
                              (--whole-archive)
zephyr/libzephyr.a(thread_entry.c.obj)
                              (--whole-archive)
zephyr/libzephyr.a(cbprintf_complete.c.obj)
                              (--whole-archive)
zephyr/libzephyr.a(assert.c.obj)
                              (--whole-archive)
zephyr/libzephyr.a(reboot.c.obj)
                              (--whole-archive)
zephyr/libzephyr.a(dec.c.obj)
                              (--whole-archive)
zephyr/libzephyr.a(hex.c.obj)
                              (--whole-archive)
zephyr/libzephyr.a(rb.c.obj)  (--whole-archive)
zephyr/libzephyr.a(timeutil.c.obj)
                              (--whole-archive)
zephyr/libzephyr.a(bitarray.c.obj)
                              (--whole-archive)
zephyr/libzephyr.a(onoff.c.obj)
                              (--whole-archive)
zephyr/libzephyr.a(notify.c.obj)
                              (--whole-archive)
zephyr/libzephyr.a(configs.c.obj)
                              (--whole-archive)
zephyr/libzephyr.a(mem_attr.c.obj)
                              (--whole-archive)
zephyr/libzephyr.a(tracing_none.c.obj)
                              (--whole-archive)
zephyr/arch/common/libarch__common.a(sw_isr_common.c.obj)
                              (--whole-archive)
zephyr/arch/arch/arm/core/libarch__arm__core.a(fatal.c.obj)
                              (--whole-archive)
zephyr/arch/arch/arm/core/libarch__arm__core.a(nmi.c.obj)
                              (--whole-archive)
zephyr/arch/arch/arm/core/libarch__arm__core.a(nmi_on_reset.S.obj)
                              (--whole-archive)
zephyr/arch/arch/arm/core/libarch__arm__core.a(__aeabi_atexit.c.obj)
                              (--whole-archive)
zephyr/arch/arch/arm/core/libarch__arm__core.a(tls.c.obj)
                              (--whole-archive)
zephyr/arch/arch/arm/core/cortex_m/libarch__arm__core__cortex_m.a(exc_exit.S.obj)
                              (--whole-archive)
zephyr/arch/arch/arm/core/cortex_m/libarch__arm__core__cortex_m.a(fault.c.obj)
                              (--whole-archive)
zephyr/arch/arch/arm/core/cortex_m/libarch__arm__core__cortex_m.a(fault_s.S.obj)
                              (--whole-archive)
zephyr/arch/arch/arm/core/cortex_m/libarch__arm__core__cortex_m.a(fpu.c.obj)
                              (--whole-archive)
zephyr/arch/arch/arm/core/cortex_m/libarch__arm__core__cortex_m.a(reset.S.obj)
                              (--whole-archive)
zephyr/arch/arch/arm/core/cortex_m/libarch__arm__core__cortex_m.a(scb.c.obj)
                              (--whole-archive)
zephyr/arch/arch/arm/core/cortex_m/libarch__arm__core__cortex_m.a(thread_abort.c.obj)
                              (--whole-archive)
zephyr/arch/arch/arm/core/cortex_m/libarch__arm__core__cortex_m.a(vector_table.S.obj)
                              (--whole-archive)
zephyr/arch/arch/arm/core/cortex_m/libarch__arm__core__cortex_m.a(swap.c.obj)
                              (--whole-archive)
zephyr/arch/arch/arm/core/cortex_m/libarch__arm__core__cortex_m.a(swap_helper.S.obj)
                              (--whole-archive)
zephyr/arch/arch/arm/core/cortex_m/libarch__arm__core__cortex_m.a(irq_manage.c.obj)
                              (--whole-archive)
zephyr/arch/arch/arm/core/cortex_m/libarch__arm__core__cortex_m.a(prep_c.c.obj)
                              (--whole-archive)
zephyr/arch/arch/arm/core/cortex_m/libarch__arm__core__cortex_m.a(thread.c.obj)
                              (--whole-archive)
zephyr/arch/arch/arm/core/cortex_m/libarch__arm__core__cortex_m.a(cpu_idle.S.obj)
                              (--whole-archive)
zephyr/arch/arch/arm/core/cortex_m/libarch__arm__core__cortex_m.a(irq_init.c.obj)
                              (--whole-archive)
zephyr/arch/arch/arm/core/cortex_m/libarch__arm__core__cortex_m.a(isr_wrapper.S.obj)
[...]
Memory Configuration

Name             Origin             Length             Attributes
FLASH            0x0000000000000000 0x0000000000080000 xr
RAM              0x0000000020000000 0x0000000000010000 xw
IDT_LIST         0x00000000ffff7fff 0x0000000000008000 xw
*default*        0x0000000000000000 0xffffffffffffffff

Linker script and memory map

                0x0000000000003a6c                vfprintf = __l_vfprintf
                0x0000000000000000                vfscanf = __l_vfscanf
LOAD zephyr/CMakeFiles/zephyr_final.dir/misc/empty_file.c.obj
LOAD zephyr/CMakeFiles/zephyr_final.dir/isr_tables.c.obj
LOAD zephyr/CMakeFiles/offsets.dir/./arch/arm/core/offsets/offsets.c.obj
LOAD app/libapp.a
LOAD zephyr/libzephyr.a
LOAD zephyr/arch/common/libarch__common.a
LOAD zephyr/arch/arch/arm/core/libarch__arm__core.a
LOAD zephyr/arch/arch/arm/core/cortex_m/libarch__arm__core__cortex_m.a
LOAD zephyr/arch/arch/arm/core/mpu/libarch__arm__core__mpu.a
LOAD zephyr/lib/libc/picolibc/liblib__libc__picolibc.a
LOAD zephyr/lib/libc/common/liblib__libc__common.a
LOAD zephyr/soc/soc/arm/nordic_nrf/libsoc__arm__nordic_nrf.a
LOAD zephyr/drivers/clock_control/libdrivers__clock_control.a
LOAD zephyr/drivers/console/libdrivers__console.a
LOAD zephyr/drivers/timer/libdrivers__timer.a
LOAD modules/nrf/lib/fatal_error/lib..__nrf__lib__fatal_error.a
LOAD modules/hal_nordic/nrfx/libmodules__hal_nordic__nrfx.a
LOAD modules/segger/libmodules__segger.a
LOAD zephyr/kernel/libkernel.a
LOAD /opt/nordic/ncs/toolchains/580e4ef81c/opt/zephyr-sdk/arm-zephyr-eabi/bin/../lib/gcc/arm-zephyr-eabi/12.2.0/thumb/v7e-m/nofp/libgcc.a
LOAD zephyr/arch/common/libisr_tables.a
LOAD /opt/nordic/ncs/toolchains/580e4ef81c/opt/zephyr-sdk/arm-zephyr-eabi/bin/../lib/gcc/../../picolibc/arm-zephyr-eabi/lib/thumb/v7e-m/nofp/libc.a
LOAD /opt/nordic/ncs/toolchains/580e4ef81c/opt/zephyr-sdk/arm-zephyr-eabi/bin/../lib/gcc/arm-zephyr-eabi/12.2.0/thumb/v7e-m/nofp/libgcc.a
                0x0000000000000020                _region_min_align = 0x20

.rel.plt        0x0000000000000000        0x0
 *(SORT_BY_ALIGNMENT(.rel.plt))
                [!provide]                        PROVIDE (__rel_iplt_start = .)
 *(SORT_BY_ALIGNMENT(.rel.iplt))
 .rel.iplt      0x0000000000000000        0x0 zephyr/CMakeFiles/zephyr_final.dir/isr_tables.c.obj
                [!provide]                        PROVIDE (__rel_iplt_end = .)

.rela.plt       0x0000000000000000        0x0
 *(SORT_BY_ALIGNMENT(.rela.plt))
                [!provide]                        PROVIDE (__rela_iplt_start = .)
 *(SORT_BY_ALIGNMENT(.rela.iplt))
                [!provide]                        PROVIDE (__rela_iplt_end = .)

.rel.dyn
 *(SORT_BY_ALIGNMENT(.rel.*))

.rela.dyn
 *(SORT_BY_ALIGNMENT(.rela.*))

/DISCARD/
 *(SORT_BY_ALIGNMENT(.plt))

/DISCARD/
 *(SORT_BY_ALIGNMENT(.iplt))
                0x0000000000000000                __rom_region_start = 0x0

rom_start       0x0000000000000000       0xdc
                0x0000000000000000                __rom_start_address = .
 FILL mask 0x00
                0x0000000000000000                . = (. + (0x0 - (. - __rom_start_address)))
                0x0000000000000000                . = ALIGN (0x4)
                0x0000000000000000                . = ALIGN (0x80)
                0x0000000000000000                . = ALIGN (0x100)
                0x0000000000000000                _vector_start = .
 *(SORT_BY_ALIGNMENT(.exc_vector_table))
 *(SORT_BY_ALIGNMENT(.exc_vector_table.*))
 .exc_vector_table._vector_table_section
                0x0000000000000000       0x40 zephyr/arch/arch/arm/core/cortex_m/libarch__arm__core__cortex_m.a(vector_table.S.obj)
                0x0000000000000000                _vector_table
 *(SORT_BY_ALIGNMENT(.vectors))
                0x00000000000000dc                _vector_end = .
                0x0000000000000040                . = ALIGN (0x4)
 *(SORT_BY_ALIGNMENT(.gnu.linkonce.irq_vector_table*))
 .gnu.linkonce.irq_vector_table
                0x0000000000000040       0x9c zephyr/CMakeFiles/zephyr_final.dir/isr_tables.c.obj
                0x0000000000000040                _irq_vector_table
                0x00000000000000dc                _vector_end = .

text            0x00000000000000dc     0x473c
                0x00000000000000dc                __text_region_start = .
 *(SORT_BY_ALIGNMENT(.text))
 .text          0x00000000000000dc       0xa0 /opt/nordic/ncs/toolchains/580e4ef81c/opt/zephyr-sdk/arm-zephyr-eabi/bin/../lib/gcc/arm-zephyr-eabi/12.2.0/thumb/v7e-m/nofp/libgcc.a(_aeabi_ldivmod.o)
                0x00000000000000dc                __aeabi_ldivmod
 .text          0x000000000000017c       0x30 /opt/nordic/ncs/toolchains/580e4ef81c/opt/zephyr-sdk/arm-zephyr-eabi/bin/../lib/gcc/arm-zephyr-eabi/12.2.0/thumb/v7e-m/nofp/libgcc.a(_aeabi_uldivmod.o)
                0x000000000000017c                __aeabi_uldivmod
 .text          0x00000000000001ac        0x4 /opt/nordic/ncs/toolchains/580e4ef81c/opt/zephyr-sdk/arm-zephyr-eabi/bin/../lib/gcc/arm-zephyr-eabi/12.2.0/thumb/v7e-m/nofp/libgcc.a(_dvmd_tls.o)
                0x00000000000001ac                __aeabi_ldiv0
                0x00000000000001ac                __aeabi_idiv0
 .text          0x00000000000001b0      0x2a0 /opt/nordic/ncs/toolchains/580e4ef81c/opt/zephyr-sdk/arm-zephyr-eabi/bin/../lib/gcc/arm-zephyr-eabi/12.2.0/thumb/v7e-m/nofp/libgcc.a(_udivmoddi4.o)
                0x00000000000001b0                __udivmoddi4
 .text          0x0000000000000450       0x14 /opt/nordic/ncs/toolchains/580e4ef81c/opt/zephyr-sdk/arm-zephyr-eabi/bin/../lib/gcc/../../picolibc/arm-zephyr-eabi/lib/thumb/v7e-m/nofp/libc.a(strcmp.S.o)
                0x0000000000000450                strcmp
 .text          0x0000000000000464       0x10 /opt/nordic/ncs/toolchains/580e4ef81c/opt/zephyr-sdk/arm-zephyr-eabi/bin/../lib/gcc/../../picolibc/arm-zephyr-eabi/lib/thumb/v7e-m/nofp/libc.a(strcpy.S.o)
                0x0000000000000464                strcpy
 .text          0x0000000000000474       0x10 /opt/nordic/ncs/toolchains/580e4ef81c/opt/zephyr-sdk/arm-zephyr-eabi/bin/../lib/gcc/../../picolibc/arm-zephyr-eabi/lib/thumb/v7e-m/nofp/libc.a(strlen.S.o)
                0x0000000000000474                strlen
 *(SORT_BY_ALIGNMENT(.text.*))
 .text._Z15RTC2_IRQHandlerv
                0x0000000000000484       0x1c app/libapp.a(main.cpp.obj)
                0x0000000000000484                RTC2_IRQHandler()
 .text._Z17GPIOTE_IRQHandlerv
                0x00000000000004a0      0x1ac app/libapp.a(main.cpp.obj)
                0x00000000000004a0                GPIOTE_IRQHandler()
 .text.main     0x000000000000064c      0x168 app/libapp.a(main.cpp.obj)
                0x000000000000064c                main
 .text._Z17EC21_EventHandlert
                0x00000000000007b4      0x164 app/libapp.a(main.cpp.obj)
                0x00000000000007b4                EC21_EventHandler(unsigned short)
 .text._ZN4EC214InitE11EC21_CONFIG
                0x0000000000000918       0x88 app/libapp.a(EC21V2.cpp.obj)
                0x0000000000000918                EC21::Init(EC21_CONFIG)
 .text._ZN4EC215QueryEPKcz
                0x00000000000009a0       0x6c app/libapp.a(EC21V2.cpp.obj)
                0x00000000000009a0                EC21::Query(char const*, ...)
 .text._ZN4EC217powerOnEv
                0x0000000000000a0c       0x2c app/libapp.a(EC21V2.cpp.obj)
                0x0000000000000a0c                EC21::powerOn()
 .text._ZN4EC215ResetEv
                0x0000000000000a38       0x2c app/libapp.a(EC21V2.cpp.obj)
                0x0000000000000a38                EC21::Reset()
 .text._ZN4EC2112parseCommandEPKc
                0x0000000000000a64      0x47c app/libapp.a(EC21V2.cpp.obj)
                0x0000000000000a64                EC21::parseCommand(char const*)
 .text._ZN4EC2116UARTE_IRQHandlerEv
                0x0000000000000ee0       0x80 app/libapp.a(EC21V2.cpp.obj)
                0x0000000000000ee0                EC21::UARTE_IRQHandler()
 .text._ZN4EC2113getDeviceInfoEv
                0x0000000000000f60       0x18 app/libapp.a(EC21V2.cpp.obj)
                0x0000000000000f60                EC21::getDeviceInfo()
 .text._ZN4EC218getIccidEv
                0x0000000000000f78        0xc app/libapp.a(EC21V2.cpp.obj)
                0x0000000000000f78                EC21::getIccid()
 .text._ZN4EC217getImeiEv
                0x0000000000000f84        0xc app/libapp.a(EC21V2.cpp.obj)
                0x0000000000000f84                EC21::getImei()
 .text._ZN4EC217getImsiEv
                0x0000000000000f90        0xc app/libapp.a(EC21V2.cpp.obj)
                0x0000000000000f90                EC21::getImsi()
 .text._ZN4EC217setEchoEb
                0x0000000000000f9c       0x14 app/libapp.a(EC21V2.cpp.obj)
                0x0000000000000f9c                EC21::setEcho(bool)
 .text._ZN4EC2115clearLastQuearyEv
                0x0000000000000fb0       0x10 app/libapp.a(EC21V2.cpp.obj)
                0x0000000000000fb0                EC21::clearLastQueary()
 .text._ZN5UARTE4InitE12UARTE_CONFIG
                0x0000000000000fc0       0x58 app/libapp.a(UARTE.cpp.obj)
                0x0000000000000fc0                UARTE::Init(UARTE_CONFIG)
 .text._ZN5UARTE5WriteEPhh
                0x0000000000001018       0x40 app/libapp.a(UARTE.cpp.obj)
                0x0000000000001018                UARTE::Write(unsigned char*, unsigned char)
 .text._ZN5UARTE7startRxEh
                0x0000000000001058       0x10 app/libapp.a(UARTE.cpp.obj)
                0x0000000000001058                UARTE::startRx(unsigned char)
 .text._ZN5UARTE12setInterruptEj
                0x0000000000001068        0xc app/libapp.a(UARTE.cpp.obj)
                0x0000000000001068                UARTE::setInterrupt(unsigned int)
 .text._ZN5UARTE9setShortsEj
                0x0000000000001074        0xc app/libapp.a(UARTE.cpp.obj)
                0x0000000000001074                UARTE::setShorts(unsigned int)
 .text._ZN3RTC4InitE10RTC_CONFIG
                0x0000000000001080       0x68 app/libapp.a(RTC.cpp.obj)
                0x0000000000001080                RTC::Init(RTC_CONFIG)
 .text._ZN3RTC5StartEv
                0x00000000000010e8       0x2c app/libapp.a(RTC.cpp.obj)
                0x00000000000010e8                RTC::Start()
 .text._ZN3RTC12setInterruptEj
                0x0000000000001114       0x5c app/libapp.a(RTC.cpp.obj)
                0x0000000000001114                RTC::setInterrupt(unsigned int)
 .text._ZN3RTC8setEventEj
                0x0000000000001170       0x28 app/libapp.a(RTC.cpp.obj)
                0x0000000000001170                RTC::setEvent(unsigned int)
 .text._ZN3RTC10setCompareEhj
                0x0000000000001198       0x38 app/libapp.a(RTC.cpp.obj)
                0x0000000000001198                RTC::setCompare(unsigned char, unsigned int)
 .text._ZN3RTC10getCounterEv
                0x00000000000011d0       0x34 app/libapp.a(RTC.cpp.obj)
                0x00000000000011d0                RTC::getCounter()
 .text.__do_init_array_aux
                0x0000000000001204       0x1c zephyr/libzephyr.a(cpp_init_array.c.obj)
                0x0000000000001204                __do_init_array_aux
 .text.__do_global_ctors_aux
                0x0000000000001220       0x1c zephyr/libzephyr.a(cpp_ctors.c.obj)
                0x0000000000001220                __do_global_ctors_aux
 .text.char_out
                0x000000000000123c        0xc zephyr/libzephyr.a(printk.c.obj)
 .text.vprintk  0x0000000000001248       0x30 zephyr/libzephyr.a(printk.c.obj)
                0x0000000000001248                vprintk
 .text.__printk_hook_install
                0x0000000000001278        0xc zephyr/libzephyr.a(printk.c.obj)
                0x0000000000001278                __printk_hook_install
 .text.z_thread_entry
                0x0000000000001284       0x34 zephyr/libzephyr.a(thread_entry.c.obj)
                0x0000000000001284                z_thread_entry
 .text.timeutil_timegm64
                0x00000000000012b8       0xf0 zephyr/libzephyr.a(timeutil.c.obj)
                0x00000000000012b8                timeutil_timegm64
 .text.process_event
                0x00000000000013a8      0x21c zephyr/libzephyr.a(onoff.c.obj)
 .text.mem_attr_get_regions
                0x00000000000015c4        0xc zephyr/libzephyr.a(mem_attr.c.obj)
                0x00000000000015c4                mem_attr_get_regions
 .text.z_SysNmiOnReset
                0x00000000000015d0        0x8 zephyr/arch/arch/arm/core/libarch__arm__core.a(nmi_on_reset.S.obj)
                0x00000000000015d0                z_SysNmiOnReset
 .text.arch_tls_stack_setup
                0x00000000000015d8       0x40 zephyr/arch/arch/arm/core/libarch__arm__core.a(tls.c.obj)
                0x00000000000015d8                arch_tls_stack_setup
 .text._HandlerModeExit
                0x0000000000001618       0x1c zephyr/arch/arch/arm/core/cortex_m/libarch__arm__core__cortex_m.a(exc_exit.S.obj)
                0x0000000000001618                z_arm_exc_exit
                0x0000000000001618                z_arm_int_exit
 .text.mem_manage_fault
                0x0000000000001634       0xa0 zephyr/arch/arch/arm/core/cortex_m/libarch__arm__core__cortex_m.a(fault.c.obj)
 .text.usage_fault.constprop.0
                0x00000000000016d4       0x54 zephyr/arch/arch/arm/core/cortex_m/libarch__arm__core__cortex_m.a(fault.c.obj)
 .text.bus_fault.constprop.0
                0x0000000000001728       0x6c zephyr/arch/arch/arm/core/cortex_m/libarch__arm__core__cortex_m.a(fault.c.obj)
 .text.z_arm_fault
                0x0000000000001794      0x128 zephyr/arch/arch/arm/core/cortex_m/libarch__arm__core__cortex_m.a(fault.c.obj)
                0x0000000000001794                z_arm_fault
 .text.z_arm_fault_init
                0x00000000000018bc       0x10 zephyr/arch/arch/arm/core/cortex_m/libarch__arm__core__cortex_m.a(fault.c.obj)
                0x00000000000018bc                z_arm_fault_init
 .text.__fault  0x00000000000018cc       0x14 zephyr/arch/arch/arm/core/cortex_m/libarch__arm__core__cortex_m.a(fault_s.S.obj)
                0x00000000000018cc                z_arm_bus_fault
                0x00000000000018cc                z_arm_usage_fault
                0x00000000000018cc                z_arm_mpu_fault
                0x00000000000018cc                z_arm_exc_spurious
                0x00000000000018cc                z_arm_debug_monitor
                0x00000000000018cc                z_arm_hard_fault
 .text._reset_section
                0x00000000000018e0       0x54 zephyr/arch/arch/arm/core/cortex_m/libarch__arm__core__cortex_m.a(reset.S.obj)
                0x00000000000018e0                z_arm_reset
                0x00000000000018e0                __start
 .text.sys_arch_reboot
                0x0000000000001934       0x24 zephyr/arch/arch/arm/core/cortex_m/libarch__arm__core__cortex_m.a(scb.c.obj)
                0x0000000000001934                sys_arch_reboot
 .text.z_arm_clear_arm_mpu_config
                0x0000000000001958       0x24 zephyr/arch/arch/arm/core/cortex_m/libarch__arm__core__cortex_m.a(scb.c.obj)
                0x0000000000001958                z_arm_clear_arm_mpu_config
 .text.z_arm_init_arch_hw_at_boot
                0x000000000000197c       0x64 zephyr/arch/arch/arm/core/cortex_m/libarch__arm__core__cortex_m.a(scb.c.obj)
                0x000000000000197c                z_arm_init_arch_hw_at_boot
 .text.z_impl_k_thread_abort
                0x00000000000019e0       0x2c zephyr/arch/arch/arm/core/cortex_m/libarch__arm__core__cortex_m.a(thread_abort.c.obj)
                0x00000000000019e0                z_impl_k_thread_abort
 .text.arch_swap
                0x0000000000001a0c       0x30 zephyr/arch/arch/arm/core/cortex_m/libarch__arm__core__cortex_m.a(swap.c.obj)
                0x0000000000001a0c                arch_swap
 .text.z_arm_pendsv
                0x0000000000001a3c       0x64 zephyr/arch/arch/arm/core/cortex_m/libarch__arm__core__cortex_m.a(swap_helper.S.obj)
                0x0000000000001a3c                z_arm_pendsv
 .text.z_arm_svc
                0x0000000000001aa0       0x20 zephyr/arch/arch/arm/core/cortex_m/libarch__arm__core__cortex_m.a(swap_helper.S.obj)
                0x0000000000001aa0                z_arm_svc
 .text.arch_irq_enable
                0x0000000000001ac0       0x1c zephyr/arch/arch/arm/core/cortex_m/libarch__arm__core__cortex_m.a(irq_manage.c.obj)
                0x0000000000001ac0                arch_irq_enable
 .text.arch_irq_is_enabled
                0x0000000000001adc       0x1c zephyr/arch/arch/arm/core/cortex_m/libarch__arm__core__cortex_m.a(irq_manage.c.obj)
                0x0000000000001adc                arch_irq_is_enabled
 .text.z_arm_irq_priority_set
                0x0000000000001af8       0x30 zephyr/arch/arch/arm/core/cortex_m/libarch__arm__core__cortex_m.a(irq_manage.c.obj)
                0x0000000000001af8                z_arm_irq_priority_set
 .text.z_prep_c
                0x0000000000001b28       0x38 zephyr/arch/arch/arm/core/cortex_m/libarch__arm__core__cortex_m.a(prep_c.c.obj)
                0x0000000000001b28                z_prep_c
 .text.arch_new_thread
                0x0000000000001b60       0x38 zephyr/arch/arch/arm/core/cortex_m/libarch__arm__core__cortex_m.a(thread.c.obj)
                0x0000000000001b60                arch_new_thread
 .text.z_check_thread_stack_fail
                0x0000000000001b98       0x2c zephyr/arch/arch/arm/core/cortex_m/libarch__arm__core__cortex_m.a(thread.c.obj)
                0x0000000000001b98                z_check_thread_stack_fail
 .text.arch_switch_to_main_thread
                0x0000000000001bc4       0x38 zephyr/arch/arch/arm/core/cortex_m/libarch__arm__core__cortex_m.a(thread.c.obj)
                0x0000000000001bc4                arch_switch_to_main_thread
 .text.z_arm_cpu_idle_init
                0x0000000000001bfc        0xc zephyr/arch/arch/arm/core/cortex_m/libarch__arm__core__cortex_m.a(cpu_idle.S.obj)
                0x0000000000001bfc                z_arm_cpu_idle_init
 .text.arch_cpu_idle
                0x0000000000001c08       0x1c zephyr/arch/arch/arm/core/cortex_m/libarch__arm__core__cortex_m.a(cpu_idle.S.obj)
                0x0000000000001c08                arch_cpu_idle
 .text.arch_cpu_atomic_idle
                0x0000000000001c24       0x18 zephyr/arch/arch/arm/core/cortex_m/libarch__arm__core__cortex_m.a(cpu_idle.S.obj)
                0x0000000000001c24                arch_cpu_atomic_idle
 .text.z_arm_interrupt_init
                0x0000000000001c3c       0x18 zephyr/arch/arch/arm/core/cortex_m/libarch__arm__core__cortex_m.a(irq_init.c.obj)
                0x0000000000001c3c                z_arm_interrupt_init
 .text._isr_wrapper
                0x0000000000001c54       0x28 zephyr/arch/arch/arm/core/cortex_m/libarch__arm__core__cortex_m.a(isr_wrapper.S.obj)
                0x0000000000001c54                _isr_wrapper
 .text.z_arm_configure_static_mpu_regions
                0x0000000000001c7c       0x18 zephyr/arch/arch/arm/core/mpu/libarch__arm__core__mpu.a(arm_core_mpu.c.obj)
                0x0000000000001c7c                z_arm_configure_static_mpu_regions
 .text.z_arm_configure_dynamic_mpu_regions
                0x0000000000001c94       0x20 zephyr/arch/arch/arm/core/mpu/libarch__arm__core__mpu.a(arm_core_mpu.c.obj)
                0x0000000000001c94                z_arm_configure_dynamic_mpu_regions
 .text.region_init
                0x0000000000001cb4       0x28 zephyr/arch/arch/arm/core/mpu/libarch__arm__core__mpu.a(arm_mpu.c.obj)
 .text.mpu_configure_regions
                0x0000000000001cdc       0x6c zephyr/arch/arch/arm/core/mpu/libarch__arm__core__mpu.a(arm_mpu.c.obj)
 .text.arm_core_mpu_enable
                0x0000000000001d48       0x18 zephyr/arch/arch/arm/core/mpu/libarch__arm__core__mpu.a(arm_mpu.c.obj)
                0x0000000000001d48                arm_core_mpu_enable
 .text.arm_core_mpu_disable
                0x0000000000001d60       0x14 zephyr/arch/arch/arm/core/mpu/libarch__arm__core__mpu.a(arm_mpu.c.obj)
                0x0000000000001d60                arm_core_mpu_disable
 .text.arm_core_mpu_configure_static_mpu_regions
                0x0000000000001d74       0x14 zephyr/arch/arch/arm/core/mpu/libarch__arm__core__mpu.a(arm_mpu.c.obj)
                0x0000000000001d74                arm_core_mpu_configure_static_mpu_regions
 .text.arm_core_mpu_configure_dynamic_mpu_regions
                0x0000000000001d88       0x38 zephyr/arch/arch/arm/core/mpu/libarch__arm__core__mpu.a(arm_mpu.c.obj)
                0x0000000000001d88                arm_core_mpu_configure_dynamic_mpu_regions
 .text.z_arm_mpu_init
                0x0000000000001dc0      0x160 zephyr/arch/arch/arm/core/mpu/libarch__arm__core__mpu.a(arm_mpu.c.obj)
                0x0000000000001dc0                z_arm_mpu_init
 .text.z_impl_zephyr_fputc
                0x0000000000001f20       0x10 zephyr/lib/libc/picolibc/liblib__libc__picolibc.a(libc-hooks.c.obj)
                0x0000000000001f20                z_impl_zephyr_fputc
 .text.__stdout_hook_install
                0x0000000000001f30       0x18 zephyr/lib/libc/picolibc/liblib__libc__picolibc.a(libc-hooks.c.obj)
                0x0000000000001f30                __stdout_hook_install
 .text.malloc_prepare
                0x0000000000001f48       0x24 zephyr/lib/libc/common/liblib__libc__common.a(malloc.c.obj)
 .text.nordicsemi_nrf52_init
                0x0000000000001f6c       0x10 zephyr/soc/soc/arm/nordic_nrf/libsoc__arm__nordic_nrf.a(soc.c.obj)
 .text.arch_busy_wait
                0x0000000000001f7c       0x14 zephyr/soc/soc/arm/nordic_nrf/libsoc__arm__nordic_nrf.a(soc.c.obj)
                0x0000000000001f7c                arch_busy_wait
 .text.z_arm_platform_init
                0x0000000000001f90        0x4 zephyr/soc/soc/arm/nordic_nrf/libsoc__arm__nordic_nrf.a(soc_nrf_common.S.obj)
                0x0000000000001f90                z_arm_platform_init
 .text.onoff_stop
                0x0000000000001f94       0x28 zephyr/drivers/clock_control/libdrivers__clock_control.a(clock_control_nrf.c.obj)
 .text.onoff_start
                0x0000000000001fbc       0x3c zephyr/drivers/clock_control/libdrivers__clock_control.a(clock_control_nrf.c.obj)
 .text.generic_hfclk_stop
                0x0000000000001ff8       0x34 zephyr/drivers/clock_control/libdrivers__clock_control.a(clock_control_nrf.c.obj)
 .text.clk_init
                0x000000000000202c       0x58 zephyr/drivers/clock_control/libdrivers__clock_control.a(clock_control_nrf.c.obj)
 .text.clkstarted_handle.constprop.0
                0x0000000000002084       0x34 zephyr/drivers/clock_control/libdrivers__clock_control.a(clock_control_nrf.c.obj)
 .text.clock_event_handler
                0x00000000000020b8       0x1c zephyr/drivers/clock_control/libdrivers__clock_control.a(clock_control_nrf.c.obj)
 .text.generic_hfclk_start
                0x00000000000020d4       0x64 zephyr/drivers/clock_control/libdrivers__clock_control.a(clock_control_nrf.c.obj)
 .text.api_blocking_start
                0x0000000000002138       0x34 zephyr/drivers/clock_control/libdrivers__clock_control.a(clock_control_nrf.c.obj)
 .text.lfclk_start
                0x000000000000216c       0x24 zephyr/drivers/clock_control/libdrivers__clock_control.a(clock_control_nrf.c.obj)
 .text.z_nrf_clock_control_lf_on
                0x0000000000002190       0xfc zephyr/drivers/clock_control/libdrivers__clock_control.a(clock_control_nrf.c.obj)
                0x0000000000002190                z_nrf_clock_control_lf_on
 .text.rtt_console_init
                0x000000000000228c       0x18 zephyr/drivers/console/libdrivers__console.a(rtt_console.c.obj)
 .text.rtt_console_out
                0x00000000000022a4       0x58 zephyr/drivers/console/libdrivers__console.a(rtt_console.c.obj)
 .text.compare_int_lock
                0x00000000000022fc       0x48 zephyr/drivers/timer/libdrivers__timer.a(nrf_rtc_timer.c.obj)
 .text.sys_clock_timeout_handler
                0x0000000000002344       0x48 zephyr/drivers/timer/libdrivers__timer.a(nrf_rtc_timer.c.obj)
 .text.compare_int_unlock
                0x000000000000238c       0x5c zephyr/drivers/timer/libdrivers__timer.a(nrf_rtc_timer.c.obj)
 .text.z_nrf_rtc_timer_read
                0x00000000000023e8       0x44 zephyr/drivers/timer/libdrivers__timer.a(nrf_rtc_timer.c.obj)
                0x00000000000023e8                z_nrf_rtc_timer_read
 .text.compare_set
                0x000000000000242c      0x130 zephyr/drivers/timer/libdrivers__timer.a(nrf_rtc_timer.c.obj)
 .text.sys_clock_driver_init
                0x000000000000255c       0x90 zephyr/drivers/timer/libdrivers__timer.a(nrf_rtc_timer.c.obj)
 .text.rtc_nrf_isr
                0x00000000000025ec       0xd4 zephyr/drivers/timer/libdrivers__timer.a(nrf_rtc_timer.c.obj)
                0x00000000000025ec                rtc_nrf_isr
 .text.sys_clock_set_timeout
                0x00000000000026c0       0x5c zephyr/drivers/timer/libdrivers__timer.a(nrf_rtc_timer.c.obj)
                0x00000000000026c0                sys_clock_set_timeout
 .text.sys_clock_elapsed
                0x000000000000271c       0x14 zephyr/drivers/timer/libdrivers__timer.a(nrf_rtc_timer.c.obj)
                0x000000000000271c                sys_clock_elapsed
 .text.nrf52_errata_16
                0x0000000000002730       0x28 modules/hal_nordic/nrfx/libmodules__hal_nordic__nrfx.a(system_nrf52.c.obj)
 .text.nvmc_wait
                0x0000000000002758       0x10 modules/hal_nordic/nrfx/libmodules__hal_nordic__nrfx.a(system_nrf52.c.obj)
                0x0000000000002758                nvmc_wait
 .text.SystemInit
                0x0000000000002768      0x26c modules/hal_nordic/nrfx/libmodules__hal_nordic__nrfx.a(system_nrf52.c.obj)
                0x0000000000002768                SystemInit
 .text.clock_stop
                0x00000000000029d4       0xc4 modules/hal_nordic/nrfx/libmodules__hal_nordic__nrfx.a(nrfx_clock.c.obj)
 .text.nrfx_clock_init
                0x0000000000002a98       0x20 modules/hal_nordic/nrfx/libmodules__hal_nordic__nrfx.a(nrfx_clock.c.obj)
                0x0000000000002a98                nrfx_clock_init
 .text.nrfx_clock_enable
                0x0000000000002ab8       0x24 modules/hal_nordic/nrfx/libmodules__hal_nordic__nrfx.a(nrfx_clock.c.obj)
                0x0000000000002ab8                nrfx_clock_enable
 .text.nrfx_clock_start
                0x0000000000002adc       0xec modules/hal_nordic/nrfx/libmodules__hal_nordic__nrfx.a(nrfx_clock.c.obj)
                0x0000000000002adc                nrfx_clock_start
 .text.nrfx_power_clock_irq_handler
                0x0000000000002bc8       0x68 modules/hal_nordic/nrfx/libmodules__hal_nordic__nrfx.a(nrfx_clock.c.obj)
                0x0000000000002bc8                nrfx_power_clock_irq_handler
 .text._DoInit  0x0000000000002c30       0x68 modules/segger/libmodules__segger.a(SEGGER_RTT.c.obj)
 .text.SEGGER_RTT_WriteNoLock
                0x0000000000002c98       0x58 modules/segger/libmodules__segger.a(SEGGER_RTT.c.obj)
                0x0000000000002c98                SEGGER_RTT_WriteNoLock
 .text.z_fatal_error
                0x0000000000002cf0       0x30 zephyr/kernel/libkernel.a(fatal.c.obj)
                0x0000000000002cf0                z_fatal_error
 .text.z_sys_init_run_level
                0x0000000000002d20       0x48 zephyr/kernel/libkernel.a(init.c.obj)
 .text.bg_thread_main
                0x0000000000002d68       0x38 zephyr/kernel/libkernel.a(init.c.obj)
 .text.z_bss_zero
                0x0000000000002da0       0x18 zephyr/kernel/libkernel.a(init.c.obj)
                0x0000000000002da0                z_bss_zero
 .text.z_init_cpu
                0x0000000000002db8       0x8c zephyr/kernel/libkernel.a(init.c.obj)
                0x0000000000002db8                z_init_cpu
 .text.z_cstart
                0x0000000000002e44       0xdc zephyr/kernel/libkernel.a(init.c.obj)
                0x0000000000002e44                z_cstart
 .text.z_setup_new_thread
                0x0000000000002f20       0x90 zephyr/kernel/libkernel.a(thread.c.obj)
                0x0000000000002f20                z_setup_new_thread
 .text.z_init_static_threads
                0x0000000000002fb0       0x98 zephyr/kernel/libkernel.a(thread.c.obj)
                0x0000000000002fb0                z_init_static_threads
 .text.sliceable
                0x0000000000003048       0x3c zephyr/kernel/libkernel.a(sched.c.obj)
 .text.slice_timeout
                0x0000000000003084       0x20 zephyr/kernel/libkernel.a(sched.c.obj)
 .text.z_reset_time_slice
                0x00000000000030a4       0x50 zephyr/kernel/libkernel.a(sched.c.obj)
                0x00000000000030a4                z_reset_time_slice
 .text.update_cache
                0x00000000000030f4       0x3c zephyr/kernel/libkernel.a(sched.c.obj)
 .text.move_thread_to_end_of_prio_q
                0x0000000000003130       0x74 zephyr/kernel/libkernel.a(sched.c.obj)
 .text.ready_thread
                0x00000000000031a4       0x68 zephyr/kernel/libkernel.a(sched.c.obj)
 .text.unready_thread
                0x000000000000320c       0x30 zephyr/kernel/libkernel.a(sched.c.obj)
 .text.pend_locked
                0x000000000000323c       0x30 zephyr/kernel/libkernel.a(sched.c.obj)
 .text.z_thread_halt
                0x000000000000326c       0xa0 zephyr/kernel/libkernel.a(sched.c.obj)
 .text.z_time_slice
                0x000000000000330c       0x60 zephyr/kernel/libkernel.a(sched.c.obj)
                0x000000000000330c                z_time_slice
 .text.z_pend_curr
                0x000000000000336c       0x3c zephyr/kernel/libkernel.a(sched.c.obj)
                0x000000000000336c                z_pend_curr
 .text.z_reschedule
                0x00000000000033a8       0x24 zephyr/kernel/libkernel.a(sched.c.obj)
                0x00000000000033a8                z_reschedule
 .text.z_sched_start
                0x00000000000033cc       0x3c zephyr/kernel/libkernel.a(sched.c.obj)
                0x00000000000033cc                z_sched_start
 .text.z_reschedule_irqlock
                0x0000000000003408       0x28 zephyr/kernel/libkernel.a(sched.c.obj)
                0x0000000000003408                z_reschedule_irqlock
 .text.k_sched_lock
                0x0000000000003430       0x28 zephyr/kernel/libkernel.a(sched.c.obj)
                0x0000000000003430                k_sched_lock
 .text.k_sched_unlock
                0x0000000000003458       0x38 zephyr/kernel/libkernel.a(sched.c.obj)
                0x0000000000003458                k_sched_unlock
 .text.z_sched_init
                0x0000000000003490       0x10 zephyr/kernel/libkernel.a(sched.c.obj)
                0x0000000000003490                z_sched_init
 .text.z_impl_k_yield
                0x00000000000034a0       0x7c zephyr/kernel/libkernel.a(sched.c.obj)
                0x00000000000034a0                z_impl_k_yield
 .text.z_tick_sleep
                0x000000000000351c       0x88 zephyr/kernel/libkernel.a(sched.c.obj)
 .text.z_impl_k_sleep
                0x00000000000035a4       0x3c zephyr/kernel/libkernel.a(sched.c.obj)
                0x00000000000035a4                z_impl_k_sleep
 .text.z_impl_k_usleep
                0x00000000000035e0       0x3c zephyr/kernel/libkernel.a(sched.c.obj)
                0x00000000000035e0                z_impl_k_usleep
 .text.z_impl_k_sched_current_thread_query
                0x000000000000361c        0xc zephyr/kernel/libkernel.a(sched.c.obj)
                0x000000000000361c                z_impl_k_sched_current_thread_query
 .text.z_impl_k_sem_give
                0x0000000000003628       0x48 zephyr/kernel/libkernel.a(sem.c.obj)
                0x0000000000003628                z_impl_k_sem_give
 .text.z_impl_k_sem_take
                0x0000000000003670       0x50 zephyr/kernel/libkernel.a(sem.c.obj)
                0x0000000000003670                z_impl_k_sem_take
 .text.z_data_copy
                0x00000000000036c0       0x34 zephyr/kernel/libkernel.a(xip.c.obj)
                0x00000000000036c0                z_data_copy
 .text.elapsed  0x00000000000036f4       0x14 zephyr/kernel/libkernel.a(timeout.c.obj)
 .text.next_timeout
                0x0000000000003708       0x40 zephyr/kernel/libkernel.a(timeout.c.obj)
 .text.remove_timeout
                0x0000000000003748       0x38 zephyr/kernel/libkernel.a(timeout.c.obj)
 .text.z_add_timeout
                0x0000000000003780       0xec zephyr/kernel/libkernel.a(timeout.c.obj)
                0x0000000000003780                z_add_timeout
 .text.sys_clock_announce
                0x000000000000386c       0xd4 zephyr/kernel/libkernel.a(timeout.c.obj)
                0x000000000000386c                sys_clock_announce
 .text.sys_clock_tick_get
                0x0000000000003940       0x34 zephyr/kernel/libkernel.a(timeout.c.obj)
                0x0000000000003940                sys_clock_tick_get
 .text.boot_banner
                0x0000000000003974        0xc zephyr/kernel/libkernel.a(banner.c.obj)
                0x0000000000003974                boot_banner
 .text.strtol   0x0000000000003980       0xec /opt/nordic/ncs/toolchains/580e4ef81c/opt/zephyr-sdk/arm-zephyr-eabi/bin/../lib/gcc/../../picolibc/arm-zephyr-eabi/lib/thumb/v7e-m/nofp/libc.a(libc_tinystdio_strtol.c.o)
                0x0000000000003980                strtol
 .text.__l_vfprintf
                0x0000000000003a6c      0x4b8 /opt/nordic/ncs/toolchains/580e4ef81c/opt/zephyr-sdk/arm-zephyr-eabi/bin/../lib/gcc/../../picolibc/arm-zephyr-eabi/lib/thumb/v7e-m/nofp/libc.a(libc_tinystdio_vflprintf.c.o)
                0x0000000000003a6c                __l_vfprintf
 .text.vsprintf
                0x0000000000003f24       0x44 /opt/nordic/ncs/toolchains/580e4ef81c/opt/zephyr-sdk/arm-zephyr-eabi/bin/../lib/gcc/../../picolibc/arm-zephyr-eabi/lib/thumb/v7e-m/nofp/libc.a(libc_tinystdio_vsprintf.c.o)
                0x0000000000003f24                vsprintf
 .text._OffsetAbsSyms
                0x0000000000003f68        0x2 zephyr/CMakeFiles/offsets.dir/./arch/arm/core/offsets/offsets.c.obj
                0x0000000000003f68                _OffsetAbsSyms
 .text._Z17EC21_ErrorHandlert
                0x0000000000003f6a        0x2 app/libapp.a(main.cpp.obj)
                0x0000000000003f6a                EC21_ErrorHandler(unsigned short)
 .text.z_cpp_init_static
                0x0000000000003f6c        0xe zephyr/libzephyr.a(cpp_init.c.obj)
                0x0000000000003f6c                z_cpp_init_static
 .text.chunk_size
                0x0000000000003f7a        0xa zephyr/libzephyr.a(heap.c.obj)
 .text.free_list_add
                0x0000000000003f84       0x4e zephyr/libzephyr.a(heap.c.obj)
 .text.sys_heap_init
                0x0000000000003fd2       0x7a zephyr/libzephyr.a(heap.c.obj)
                0x0000000000003fd2                sys_heap_init
 .text.arch_printk_char_out
                0x000000000000404c        0x4 zephyr/libzephyr.a(printk.c.obj)
                0x000000000000404c                arch_printk_char_out
 .text.printk   0x0000000000004050       0x1a zephyr/libzephyr.a(printk.c.obj)
                0x0000000000004050                printk
 .text.process_recheck
                0x000000000000406a       0x38 zephyr/libzephyr.a(onoff.c.obj)
 .text.validate_args
                0x00000000000040a2       0x20 zephyr/libzephyr.a(onoff.c.obj)
 .text.notify_one
                0x00000000000040c2       0x2c zephyr/libzephyr.a(onoff.c.obj)
 .text.transition_complete
                0x00000000000040ee       0x1c zephyr/libzephyr.a(onoff.c.obj)
 .text.onoff_manager_init
                0x000000000000410a       0x26 zephyr/libzephyr.a(onoff.c.obj)
                0x000000000000410a                onoff_manager_init
 .text.onoff_request
                0x0000000000004130       0xb0 zephyr/libzephyr.a(onoff.c.obj)
                0x0000000000004130                onoff_request
 .text.sys_notify_validate
                0x00000000000041e0       0x22 zephyr/libzephyr.a(notify.c.obj)
                0x00000000000041e0                sys_notify_validate
 .text.sys_notify_finalize
                0x0000000000004202       0x1a zephyr/libzephyr.a(notify.c.obj)
                0x0000000000004202                sys_notify_finalize
 .text._ConfigAbsSyms
                0x000000000000421c        0x2 zephyr/libzephyr.a(configs.c.obj)
                0x000000000000421c                _ConfigAbsSyms
 .text.z_arm_fatal_error
                0x000000000000421e        0x4 zephyr/arch/arch/arm/core/libarch__arm__core.a(fatal.c.obj)
                0x000000000000421e                z_arm_fatal_error
 .text.z_do_kernel_oops
                0x0000000000004222        0x8 zephyr/arch/arch/arm/core/libarch__arm__core.a(fatal.c.obj)
                0x0000000000004222                z_do_kernel_oops
 .text.z_arm_nmi
                0x000000000000422a        0xe zephyr/arch/arch/arm/core/libarch__arm__core.a(nmi.c.obj)
                0x000000000000422a                z_arm_nmi
 .text.z_irq_spurious
                0x0000000000004238        0x8 zephyr/arch/arch/arm/core/cortex_m/libarch__arm__core__cortex_m.a(irq_manage.c.obj)
                0x0000000000004238                z_irq_spurious
 .text.size_to_mpu_rasr_size
                0x0000000000004240       0x20 zephyr/arch/arch/arm/core/mpu/libarch__arm__core__mpu.a(arm_mpu.c.obj)
 .text.picolibc_put
                0x0000000000004260        0xa zephyr/lib/libc/picolibc/liblib__libc__picolibc.a(libc-hooks.c.obj)
 .text.get_status
                0x000000000000426a       0x12 zephyr/drivers/clock_control/libdrivers__clock_control.a(clock_control_nrf.c.obj)
 .text.set_on_state
                0x000000000000427c       0x26 zephyr/drivers/clock_control/libdrivers__clock_control.a(clock_control_nrf.c.obj)
 .text.stop     0x00000000000042a2       0x54 zephyr/drivers/clock_control/libdrivers__clock_control.a(clock_control_nrf.c.obj)
 .text.api_stop
                0x00000000000042f6        0x6 zephyr/drivers/clock_control/libdrivers__clock_control.a(clock_control_nrf.c.obj)
 .text.async_start
                0x00000000000042fc       0x5e zephyr/drivers/clock_control/libdrivers__clock_control.a(clock_control_nrf.c.obj)
 .text.api_start
                0x000000000000435a        0xe zephyr/drivers/clock_control/libdrivers__clock_control.a(clock_control_nrf.c.obj)
 .text.onoff_started_callback
                0x0000000000004368        0xc zephyr/drivers/clock_control/libdrivers__clock_control.a(clock_control_nrf.c.obj)
 .text.lfclk_stop
                0x0000000000004374        0x6 zephyr/drivers/clock_control/libdrivers__clock_control.a(clock_control_nrf.c.obj)
 .text.blocking_start_callback
                0x000000000000437a        0x6 zephyr/drivers/clock_control/libdrivers__clock_control.a(clock_control_nrf.c.obj)
 .text.event_clear
                0x0000000000004380       0x18 zephyr/drivers/timer/libdrivers__timer.a(nrf_rtc_timer.c.obj)
 .text.k_sys_fatal_error_handler
                0x0000000000004398        0x8 modules/nrf/lib/fatal_error/lib..__nrf__lib__fatal_error.a(fatal_error.c.obj)
                0x0000000000004398                k_sys_fatal_error_handler
 .text.nrf52_errata_12
                0x00000000000043a0       0x1c modules/hal_nordic/nrfx/libmodules__hal_nordic__nrfx.a(system_nrf52.c.obj)
 .text.nrfx_isr
                0x00000000000043bc        0x2 modules/hal_nordic/nrfx/libmodules__hal_nordic__nrfx.a(nrfx_glue.c.obj)
                0x00000000000043bc                nrfx_isr
 .text.nrfx_busy_wait
                0x00000000000043be        0x4 modules/hal_nordic/nrfx/libmodules__hal_nordic__nrfx.a(nrfx_glue.c.obj)
                0x00000000000043be                nrfx_busy_wait
 .text.nrfx_clock_stop
                0x00000000000043c2        0x4 modules/hal_nordic/nrfx/libmodules__hal_nordic__nrfx.a(nrfx_clock.c.obj)
                0x00000000000043c2                nrfx_clock_stop
 .text._GetAvailWriteSpace
                0x00000000000043c6       0x12 modules/segger/libmodules__segger.a(SEGGER_RTT.c.obj)
 .text._WriteNoCheck
                0x00000000000043d8       0x3a modules/segger/libmodules__segger.a(SEGGER_RTT.c.obj)
 .text._WriteBlocking
                0x0000000000004412       0x5a modules/segger/libmodules__segger.a(SEGGER_RTT.c.obj)
 .text.SEGGER_RTT_Init
                0x000000000000446c        0x4 modules/segger/libmodules__segger.a(SEGGER_RTT.c.obj)
                0x000000000000446c                SEGGER_RTT_Init
 .text.rtt_init
                0x0000000000004470        0xa modules/segger/libmodules__segger.a(SEGGER_RTT_zephyr.c.obj)
 .text.z_impl_k_busy_wait
                0x000000000000447a        0x8 zephyr/kernel/libkernel.a(busy_wait.c.obj)
                0x000000000000447a                z_impl_k_busy_wait
 .text.z_early_memset
                0x0000000000004482        0x4 zephyr/kernel/libkernel.a(init.c.obj)
                0x0000000000004482                z_early_memset
 .text.z_early_memcpy
                0x0000000000004486        0x4 zephyr/kernel/libkernel.a(init.c.obj)
                0x0000000000004486                z_early_memcpy
 .text.k_is_in_isr
                0x000000000000448a        0xc zephyr/kernel/libkernel.a(thread.c.obj)
                0x000000000000448a                k_is_in_isr
 .text.sys_dlist_remove
                0x0000000000004496       0x10 zephyr/kernel/libkernel.a(sched.c.obj)
 .text.unpend_thread_no_timeout
                0x00000000000044a6       0x14 zephyr/kernel/libkernel.a(sched.c.obj)
 .text.add_to_waitq_locked
                0x00000000000044ba       0x50 zephyr/kernel/libkernel.a(sched.c.obj)
 .text.z_ready_thread
                0x000000000000450a       0x20 zephyr/kernel/libkernel.a(sched.c.obj)
                0x000000000000450a                z_ready_thread
 .text.z_impl_k_thread_suspend
                0x000000000000452a       0x36 zephyr/kernel/libkernel.a(sched.c.obj)
                0x000000000000452a                z_impl_k_thread_suspend
 .text.z_sched_wake_thread
                0x0000000000004560       0x44 zephyr/kernel/libkernel.a(sched.c.obj)
                0x0000000000004560                z_sched_wake_thread
 .text.z_thread_timeout
                0x00000000000045a4        0x8 zephyr/kernel/libkernel.a(sched.c.obj)
                0x00000000000045a4                z_thread_timeout
 .text.z_unpend_first_thread
                0x00000000000045ac       0x38 zephyr/kernel/libkernel.a(sched.c.obj)
                0x00000000000045ac                z_unpend_first_thread
 .text.z_reschedule_unlocked
                0x00000000000045e4       0x14 zephyr/kernel/libkernel.a(sched.c.obj)
 .text.z_thread_abort
                0x00000000000045f8       0x42 zephyr/kernel/libkernel.a(sched.c.obj)
                0x00000000000045f8                z_thread_abort
 .text.idle     0x000000000000463a       0x18 zephyr/kernel/libkernel.a(idle.c.obj)
                0x000000000000463a                idle
 .text.z_abort_timeout
                0x0000000000004652       0x2c zephyr/kernel/libkernel.a(timeout.c.obj)
                0x0000000000004652                z_abort_timeout
 .text.sys_clock_tick_get_32
                0x000000000000467e        0x8 zephyr/kernel/libkernel.a(timeout.c.obj)
                0x000000000000467e                sys_clock_tick_get_32
 .text.z_device_state_init
                0x0000000000004686        0x2 zephyr/kernel/libkernel.a(device.c.obj)
                0x0000000000004686                z_device_state_init
 .text.memcpy   0x0000000000004688       0x1c /opt/nordic/ncs/toolchains/580e4ef81c/opt/zephyr-sdk/arm-zephyr-eabi/bin/../lib/gcc/../../picolibc/arm-zephyr-eabi/lib/thumb/v7e-m/nofp/libc.a(memcpy.c.o)
                0x0000000000004688                memcpy
                0x0000000000004688                __aeabi_memcpy
                0x0000000000004688                __aeabi_memcpy4
                0x0000000000004688                __aeabi_memcpy8
 .text.memset   0x00000000000046a4       0x10 /opt/nordic/ncs/toolchains/580e4ef81c/opt/zephyr-sdk/arm-zephyr-eabi/bin/../lib/gcc/../../picolibc/arm-zephyr-eabi/lib/thumb/v7e-m/nofp/libc.a(memset.c.o)
                0x00000000000046a4                memset
 .text.atoi     0x00000000000046b4        0x8 /opt/nordic/ncs/toolchains/580e4ef81c/opt/zephyr-sdk/arm-zephyr-eabi/bin/../lib/gcc/../../picolibc/arm-zephyr-eabi/lib/thumb/v7e-m/nofp/libc.a(libc_stdlib_atoi.c.o)
                0x00000000000046b4                atoi
 .text.strncmp  0x00000000000046bc       0x24 /opt/nordic/ncs/toolchains/580e4ef81c/opt/zephyr-sdk/arm-zephyr-eabi/bin/../lib/gcc/../../picolibc/arm-zephyr-eabi/lib/thumb/v7e-m/nofp/libc.a(libc_string_strncmp.c.o)
                0x00000000000046bc                strncmp
 .text.strnlen  0x00000000000046e0       0x18 /opt/nordic/ncs/toolchains/580e4ef81c/opt/zephyr-sdk/arm-zephyr-eabi/bin/../lib/gcc/../../picolibc/arm-zephyr-eabi/lib/thumb/v7e-m/nofp/libc.a(libc_string_strnlen.c.o)
                0x00000000000046e0                strnlen
 .text.__strtok_r
                0x00000000000046f8       0x50 /opt/nordic/ncs/toolchains/580e4ef81c/opt/zephyr-sdk/arm-zephyr-eabi/bin/../lib/gcc/../../picolibc/arm-zephyr-eabi/lib/thumb/v7e-m/nofp/libc.a(libc_string_strtok_r.c.o)
                0x00000000000046f8                __strtok_r
 .text.strtok_r
                0x0000000000004748        0x6 /opt/nordic/ncs/toolchains/580e4ef81c/opt/zephyr-sdk/arm-zephyr-eabi/bin/../lib/gcc/../../picolibc/arm-zephyr-eabi/lib/thumb/v7e-m/nofp/libc.a(libc_string_strtok_r.c.o)
                0x0000000000004748                strtok_r
 .text.__ultoa_invert
                0x000000000000474e       0xae /opt/nordic/ncs/toolchains/580e4ef81c/opt/zephyr-sdk/arm-zephyr-eabi/bin/../lib/gcc/../../picolibc/arm-zephyr-eabi/lib/thumb/v7e-m/nofp/libc.a(libc_tinystdio_vflprintf.c.o)
 .text.__file_str_put
                0x00000000000047fc       0x10 /opt/nordic/ncs/toolchains/580e4ef81c/opt/zephyr-sdk/arm-zephyr-eabi/bin/../lib/gcc/../../picolibc/arm-zephyr-eabi/lib/thumb/v7e-m/nofp/libc.a(libc_tinystdio_filestrput.c.o)
                0x00000000000047fc                __file_str_put
 *(SORT_BY_ALIGNMENT(.TEXT.*))
 .TEXT.__aeabi_read_tp
                0x000000000000480c        0xc zephyr/arch/arch/arm/core/cortex_m/libarch__arm__core__cortex_m.a(__aeabi_read_tp.S.obj)
                0x000000000000480c                __aeabi_read_tp
 *(SORT_BY_ALIGNMENT(.gnu.linkonce.t.*))
 *(SORT_BY_ALIGNMENT(.glue_7t))
 .glue_7t       0x0000000000004818        0x0 linker stubs
 *(SORT_BY_ALIGNMENT(.glue_7))
 .glue_7        0x0000000000004818        0x0 linker stubs
 *(SORT_BY_ALIGNMENT(.vfp11_veneer))
 .vfp11_veneer  0x0000000000004818        0x0 linker stubs
 *(SORT_BY_ALIGNMENT(.v4_bx))
 .v4_bx         0x0000000000004818        0x0 linker stubs
                0x0000000000004818                . = ALIGN (0x4)
                0x0000000000004818                __text_region_end = .

.ARM.extab
 *(SORT_BY_ALIGNMENT(.ARM.extab*) SORT_BY_ALIGNMENT(.gnu.linkonce.armextab.*))

.ARM.exidx      0x0000000000004818        0x8
                0x0000000000004818                __exidx_start = .
 *(SORT_BY_ALIGNMENT(.ARM.exidx*) SORT_BY_ALIGNMENT(gnu.linkonce.armexidx.*))
 .ARM.exidx     0x0000000000004818        0x8 /opt/nordic/ncs/toolchains/580e4ef81c/opt/zephyr-sdk/arm-zephyr-eabi/bin/../lib/gcc/arm-zephyr-eabi/12.2.0/thumb/v7e-m/nofp/libgcc.a(_udivmoddi4.o)
 .ARM.exidx     0x0000000000004820        0x0 /opt/nordic/ncs/toolchains/580e4ef81c/opt/zephyr-sdk/arm-zephyr-eabi/bin/../lib/gcc/../../picolibc/arm-zephyr-eabi/lib/thumb/v7e-m/nofp/libc.a(strcmp.S.o)
                                          0x8 (size before relaxing)
 .ARM.exidx     0x0000000000004820        0x0 /opt/nordic/ncs/toolchains/580e4ef81c/opt/zephyr-sdk/arm-zephyr-eabi/bin/../lib/gcc/../../picolibc/arm-zephyr-eabi/lib/thumb/v7e-m/nofp/libc.a(strcpy.S.o)
                                          0x8 (size before relaxing)
 .ARM.exidx     0x0000000000004820        0x0 /opt/nordic/ncs/toolchains/580e4ef81c/opt/zephyr-sdk/arm-zephyr-eabi/bin/../lib/gcc/../../picolibc/arm-zephyr-eabi/lib/thumb/v7e-m/nofp/libc.a(strlen.S.o)
                                          0x8 (size before relaxing)
                0x0000000000004820                __exidx_end = .
                0x0000000000004820                __rodata_region_start = .

initlevel       0x0000000000004820       0x30
                0x0000000000004820                __init_start = .
                0x0000000000004820                __init_EARLY_start = .
 *(SORT_BY_NAME(SORT_BY_ALIGNMENT(.z_init_EARLY?_*)))
 *(SORT_BY_NAME(SORT_BY_ALIGNMENT(.z_init_EARLY??_*)))
                0x0000000000004820                __init_PRE_KERNEL_1_start = .
 *(SORT_BY_NAME(SORT_BY_ALIGNMENT(.z_init_PRE_KERNEL_1?_*)))
 .z_init_PRE_KERNEL_10_0_
                0x0000000000004820        0x8 zephyr/soc/soc/arm/nordic_nrf/libsoc__arm__nordic_nrf.a(soc.c.obj)
 *(SORT_BY_NAME(SORT_BY_ALIGNMENT(.z_init_PRE_KERNEL_1??_*)))
 .z_init_PRE_KERNEL_130_00015_
                0x0000000000004828        0x8 zephyr/drivers/clock_control/libdrivers__clock_control.a(clock_control_nrf.c.obj)
 .z_init_PRE_KERNEL_130_0_
                0x0000000000004830        0x8 modules/segger/libmodules__segger.a(SEGGER_RTT_zephyr.c.obj)
 .z_init_PRE_KERNEL_140_0_
                0x0000000000004838        0x8 zephyr/drivers/console/libdrivers__console.a(rtt_console.c.obj)
                0x0000000000004840                __init_PRE_KERNEL_2_start = .
 *(SORT_BY_NAME(SORT_BY_ALIGNMENT(.z_init_PRE_KERNEL_2?_*)))
 .z_init_PRE_KERNEL_20_0_
                0x0000000000004840        0x8 zephyr/drivers/timer/libdrivers__timer.a(nrf_rtc_timer.c.obj)
 *(SORT_BY_NAME(SORT_BY_ALIGNMENT(.z_init_PRE_KERNEL_2??_*)))
                0x0000000000004848                __init_POST_KERNEL_start = .
 *(SORT_BY_NAME(SORT_BY_ALIGNMENT(.z_init_POST_KERNEL?_*)))
 *(SORT_BY_NAME(SORT_BY_ALIGNMENT(.z_init_POST_KERNEL??_*)))
 .z_init_POST_KERNEL40_0_
                0x0000000000004848        0x8 zephyr/lib/libc/common/liblib__libc__common.a(malloc.c.obj)
                0x0000000000004850                __init_APPLICATION_start = .
 *(SORT_BY_NAME(SORT_BY_ALIGNMENT(.z_init_APPLICATION?_*)))
 *(SORT_BY_NAME(SORT_BY_ALIGNMENT(.z_init_APPLICATION??_*)))
                0x0000000000004850                __init_SMP_start = .
 *(SORT_BY_NAME(SORT_BY_ALIGNMENT(.z_init_SMP?_*)))
 *(SORT_BY_NAME(SORT_BY_ALIGNMENT(.z_init_SMP??_*)))
                0x0000000000004850                __init_end = .

device_area     0x0000000000004850       0x14
                0x0000000000004850                _device_list_start = .
 *(SORT_BY_NAME(SORT_BY_ALIGNMENT(._device.static.*_?_*)))
 *(SORT_BY_NAME(SORT_BY_ALIGNMENT(._device.static.*_??_*)))
 ._device.static.1_30_
                0x0000000000004850       0x14 zephyr/drivers/clock_control/libdrivers__clock_control.a(clock_control_nrf.c.obj)
                0x0000000000004850                __device_dts_ord_15
                0x0000000000004864                _device_list_end = .

sw_isr_table    0x0000000000004864      0x138
                0x0000000000004864                . = ALIGN (0x4)
 *(SORT_BY_ALIGNMENT(.gnu.linkonce.sw_isr_table*))
 .gnu.linkonce.sw_isr_table
                0x0000000000004864      0x138 zephyr/CMakeFiles/zephyr_final.dir/isr_tables.c.obj
                0x0000000000004864                _sw_isr_table

initlevel_error
                0x0000000000004820        0x0
 *(SORT_BY_NAME(SORT_BY_ALIGNMENT(.z_init_[_A-Z0-9]*)))
                0x0000000000000001                ASSERT ((SIZEOF (initlevel_error) == 0x0), Undefined initialization levels used.)

app_shmem_regions
                0x000000000000499c        0x0
                0x000000000000499c                __app_shmem_regions_start = .
 *(SORT_BY_NAME(SORT_BY_ALIGNMENT(.app_regions.*)))
                0x000000000000499c                __app_shmem_regions_end = .

k_p4wq_initparam_area
                0x000000000000499c        0x0
                0x000000000000499c                _k_p4wq_initparam_list_start = .
 *(SORT_BY_NAME(SORT_BY_ALIGNMENT(._k_p4wq_initparam.static.*)))
                0x000000000000499c                _k_p4wq_initparam_list_end = .

_static_thread_data_area
                0x000000000000499c        0x0
                0x000000000000499c                __static_thread_data_list_start = .
 *(SORT_BY_NAME(SORT_BY_ALIGNMENT(.__static_thread_data.static.*)))
                0x000000000000499c                __static_thread_data_list_end = .

device_deps     0x000000000000499c        0x0
                0x000000000000499c                __device_deps_start = .
 *(SORT_BY_NAME(SORT_BY_ALIGNMENT(.__device_deps_pass2*)))
                0x000000000000499c                __device_deps_end = .

ztest           0x000000000000499c        0x0
                0x000000000000499c                _ztest_expected_result_entry_list_start = .
 *(SORT_BY_NAME(SORT_BY_ALIGNMENT(._ztest_expected_result_entry.static.*)))
                0x000000000000499c                _ztest_expected_result_entry_list_end = .
                0x000000000000499c                _ztest_suite_node_list_start = .
 *(SORT_BY_NAME(SORT_BY_ALIGNMENT(._ztest_suite_node.static.*)))
                0x000000000000499c                _ztest_suite_node_list_end = .
                0x000000000000499c                _ztest_unit_test_list_start = .
 *(SORT_BY_NAME(SORT_BY_ALIGNMENT(._ztest_unit_test.static.*)))
                0x000000000000499c                _ztest_unit_test_list_end = .
                0x000000000000499c                _ztest_test_rule_list_start = .
 *(SORT_BY_NAME(SORT_BY_ALIGNMENT(._ztest_test_rule.static.*)))
                0x000000000000499c                _ztest_test_rule_list_end = .

ctors           0x000000000000499c        0xc
                0x000000000000499c                . = ALIGN (0x4)
                0x000000000000499c                __ZEPHYR_CTOR_LIST__ = .
                0x000000000000499c        0x4 LONG 0x0 (((__ZEPHYR_CTOR_END__ - __ZEPHYR_CTOR_LIST__) / 0x4) - 0x2)
 *(SORT_BY_NAME(SORT_BY_ALIGNMENT(.ctors*)))
                0x00000000000049a0                __CTOR_LIST__ = .
                0x00000000000049a0        0x4 LONG 0x0
                0x00000000000049a4                __ZEPHYR_CTOR_END__ = .
                0x00000000000049a4        0x4 LONG 0x0
                0x00000000000049a8                __CTOR_END__ = .

init_array      0x00000000000049a8        0x0
                0x00000000000049a8                . = ALIGN (0x4)
                0x00000000000049a8                __init_array_start = .
                0x00000000000049a8                __init_array_end = .
                0x00000000000049a8                __zephyr_init_array_start = .
 *(SORT_BY_NAME(SORT_BY_ALIGNMENT(.init_array*)))
                0x00000000000049a8                __zephyr_init_array_end = .

bt_l2cap_fixed_chan_area
                0x00000000000049a8        0x0
                0x00000000000049a8                _bt_l2cap_fixed_chan_list_start = .
 *(SORT_BY_NAME(SORT_BY_ALIGNMENT(._bt_l2cap_fixed_chan.static.*)))
                0x00000000000049a8                _bt_l2cap_fixed_chan_list_end = .

bt_gatt_service_static_area
                0x00000000000049a8        0x0
                0x00000000000049a8                _bt_gatt_service_static_list_start = .
 *(SORT_BY_NAME(SORT_BY_ALIGNMENT(._bt_gatt_service_static.static.*)))
                0x00000000000049a8                _bt_gatt_service_static_list_end = .

log_strings_area
                0x00000000000049a8        0x0
                0x00000000000049a8                _log_strings_list_start = .
 *(SORT_BY_NAME(SORT_BY_ALIGNMENT(._log_strings.static.*)))
                0x00000000000049a8                _log_strings_list_end = .

log_const_area  0x00000000000049a8        0x0
                0x00000000000049a8                _log_const_list_start = .
 *(SORT_BY_NAME(SORT_BY_ALIGNMENT(._log_const.static.*)))
                0x00000000000049a8                _log_const_list_end = .

log_backend_area
                0x00000000000049a8        0x0
                0x00000000000049a8                _log_backend_list_start = .
 *(SORT_BY_NAME(SORT_BY_ALIGNMENT(._log_backend.static.*)))
                0x00000000000049a8                _log_backend_list_end = .

log_link_area   0x00000000000049a8        0x0
                0x00000000000049a8                _log_link_list_start = .
 *(SORT_BY_NAME(SORT_BY_ALIGNMENT(._log_link.static.*)))
                0x00000000000049a8                _log_link_list_end = .

tracing_backend_area
                0x00000000000049a8        0x0
                0x00000000000049a8                _tracing_backend_list_start = .
 *(SORT_BY_NAME(SORT_BY_ALIGNMENT(._tracing_backend.static.*)))
                0x00000000000049a8                _tracing_backend_list_end = .

zephyr_dbg_info
 *(SORT_BY_ALIGNMENT(.dbg_thread_info))

symbol_to_keep  0x00000000000049a8        0x0
                0x00000000000049a8                __symbol_to_keep_start = .
 *(SORT_BY_NAME(SORT_BY_ALIGNMENT(.symbol_to_keep*)))
                0x00000000000049a8                __symbol_to_keep_end = .

shell_area      0x00000000000049a8        0x0
                0x00000000000049a8                _shell_list_start = .
 *(SORT_BY_NAME(SORT_BY_ALIGNMENT(._shell.static.*)))
                0x00000000000049a8                _shell_list_end = .

shell_root_cmds_area
                0x00000000000049a8        0x0
                0x00000000000049a8                _shell_root_cmds_list_start = .
 *(SORT_BY_NAME(SORT_BY_ALIGNMENT(._shell_root_cmds.static.*)))
                0x00000000000049a8                _shell_root_cmds_list_end = .

shell_subcmds_area
                0x00000000000049a8        0x0
                0x00000000000049a8                _shell_subcmds_list_start = .
 *(SORT_BY_NAME(SORT_BY_ALIGNMENT(._shell_subcmds.static.*)))
                0x00000000000049a8                _shell_subcmds_list_end = .

shell_dynamic_subcmds_area
                0x00000000000049a8        0x0
                0x00000000000049a8                _shell_dynamic_subcmds_list_start = .
 *(SORT_BY_NAME(SORT_BY_ALIGNMENT(._shell_dynamic_subcmds.static.*)))
                0x00000000000049a8                _shell_dynamic_subcmds_list_end = .

cfb_font_area   0x00000000000049a8        0x0
                0x00000000000049a8                _cfb_font_list_start = .
 *(SORT_BY_NAME(SORT_BY_ALIGNMENT(._cfb_font.static.*)))
                0x00000000000049a8                _cfb_font_list_end = .

tdata           0x00000000000049a8        0x0
 *(SORT_BY_ALIGNMENT(.tdata) SORT_BY_ALIGNMENT(.tdata.*) SORT_BY_ALIGNMENT(.gnu.linkonce.td.*))

tbss            0x00000000000049a8        0x8
 *(SORT_BY_ALIGNMENT(.tbss) SORT_BY_ALIGNMENT(.tbss.*) SORT_BY_ALIGNMENT(.gnu.linkonce.tb.*) SORT_BY_ALIGNMENT(.tcommon))
 .tbss.z_tls_current
                0x00000000000049a8        0x4 zephyr/libzephyr.a(thread_entry.c.obj)
                0x00000000000049a8                z_tls_current
 .tbss.errno    0x00000000000049ac        0x4 /opt/nordic/ncs/toolchains/580e4ef81c/opt/zephyr-sdk/arm-zephyr-eabi/bin/../lib/gcc/../../picolibc/arm-zephyr-eabi/lib/thumb/v7e-m/nofp/libc.a(libc_errno_errno.c.o)
                0x00000000000049ac                errno
                0x00000000000049a8                PROVIDE (__tdata_start = LOADADDR (tdata))
                0x0000000000000001                PROVIDE (__tdata_align = ALIGNOF (tdata))
                0x0000000000000000                PROVIDE (__tdata_size = (((SIZEOF (tdata) + __tdata_align) - 0x1) & ~ ((__tdata_align - 0x1))))
                [!provide]                        PROVIDE (__tdata_end = (__tdata_start + __tdata_size))
                0x0000000000000004                PROVIDE (__tbss_align = ALIGNOF (tbss))
                [!provide]                        PROVIDE (__tbss_start = ADDR (tbss))
                0x0000000000000008                PROVIDE (__tbss_size = (((SIZEOF (tbss) + __tbss_align) - 0x1) & ~ ((__tbss_align - 0x1))))
                [!provide]                        PROVIDE (__tbss_end = (__tbss_start + __tbss_size))
                [!provide]                        PROVIDE (__tls_start = __tdata_start)
                [!provide]                        PROVIDE (__tls_end = __tbss_end)
                [!provide]                        PROVIDE (__tls_size = (__tbss_end - __tdata_start))

rodata          0x00000000000049b0      0x69c
 *(SORT_BY_ALIGNMENT(.rodata))
 .rodata        0x00000000000049b0        0xc app/libapp.a(main.cpp.obj)
 *(SORT_BY_ALIGNMENT(.rodata.*))
 *fill*         0x00000000000049bc        0x4 
 .rodata.delay_machine_code.0
                0x00000000000049c0        0x6 zephyr/soc/soc/arm/nordic_nrf/libsoc__arm__nordic_nrf.a(soc.c.obj)
 *fill*         0x00000000000049c6        0x2 
 .rodata.mem_attr_region
                0x00000000000049c8        0x0 zephyr/libzephyr.a(mem_attr.c.obj)
 .rodata.static_regions
                0x00000000000049c8        0xc zephyr/arch/arch/arm/core/mpu/libarch__arm__core__mpu.a(arm_core_mpu.c.obj)
 .rodata.mpu_config
                0x00000000000049d4        0x8 zephyr/arch/arch/arm/core/mpu/libarch__arm__core__mpu.a(arm_mpu_regions.c.obj)
                0x00000000000049d4                mpu_config
 .rodata.mpu_regions
                0x00000000000049dc       0x18 zephyr/arch/arch/arm/core/mpu/libarch__arm__core__mpu.a(arm_mpu_regions.c.obj)
 .rodata.transitions.0
                0x00000000000049f4        0xc zephyr/drivers/clock_control/libdrivers__clock_control.a(clock_control_nrf.c.obj)
 .rodata.config
                0x0000000000004a00       0x10 zephyr/drivers/clock_control/libdrivers__clock_control.a(clock_control_nrf.c.obj)
 .rodata.clock_control_api
                0x0000000000004a10       0x1c zephyr/drivers/clock_control/libdrivers__clock_control.a(clock_control_nrf.c.obj)
 .rodata.levels.0
                0x0000000000004a2c       0x18 zephyr/kernel/libkernel.a(init.c.obj)
 .rodata._Z17GPIOTE_IRQHandlerv.str1.1
                0x0000000000004a44      0x312 app/libapp.a(main.cpp.obj)
 .rodata.main.str1.1
                0x0000000000004d56       0x25 app/libapp.a(main.cpp.obj)
 .rodata._Z17EC21_EventHandlert.str1.1
                0x0000000000004d7b       0xd6 app/libapp.a(main.cpp.obj)
 .rodata._ZN4EC215QueryEPKcz.str1.1
                0x0000000000004e51        0x3 app/libapp.a(EC21V2.cpp.obj)
 .rodata._ZN4EC2112parseCommandEPKc.str1.1
                0x0000000000004e54      0x144 app/libapp.a(EC21V2.cpp.obj)
                                        0x15b (size before relaxing)
 .rodata._ZN4EC2116UARTE_IRQHandlerEv.str1.1
                0x0000000000004f98        0xd app/libapp.a(EC21V2.cpp.obj)
                                         0x11 (size before relaxing)
 .rodata._ZN4EC218getIccidEv.str1.1
                0x0000000000004fa5        0xb app/libapp.a(EC21V2.cpp.obj)
 .rodata._ZN4EC217setEchoEb.str1.1
                0x0000000000004fb0        0xe app/libapp.a(EC21V2.cpp.obj)
 .rodata.str1.1
                0x0000000000004fbe        0xf zephyr/arch/arch/arm/core/mpu/libarch__arm__core__mpu.a(arm_mpu_regions.c.obj)
 .rodata.str1.1
                0x0000000000004fcd        0xf zephyr/drivers/clock_control/libdrivers__clock_control.a(clock_control_nrf.c.obj)
 .rodata.CSWTCH.20
                0x0000000000004fdc        0x5 modules/hal_nordic/nrfx/libmodules__hal_nordic__nrfx.a(system_nrf52.c.obj)
 .rodata.CSWTCH.18
                0x0000000000004fe1        0x5 modules/hal_nordic/nrfx/libmodules__hal_nordic__nrfx.a(system_nrf52.c.obj)
 .rodata.CSWTCH.14
                0x0000000000004fe6        0x5 modules/hal_nordic/nrfx/libmodules__hal_nordic__nrfx.a(system_nrf52.c.obj)
 .rodata.CSWTCH.4
                0x0000000000004feb        0x5 modules/hal_nordic/nrfx/libmodules__hal_nordic__nrfx.a(system_nrf52.c.obj)
 .rodata._DoInit.str1.1
                0x0000000000004ff0        0x9 modules/segger/libmodules__segger.a(SEGGER_RTT.c.obj)
 .rodata._aInitStr.0
                0x0000000000004ff9       0x11 modules/segger/libmodules__segger.a(SEGGER_RTT.c.obj)
 .rodata.z_cstart.str1.1
                0x000000000000500a        0x5 zephyr/kernel/libkernel.a(init.c.obj)
 .rodata.boot_banner.str1.1
                0x000000000000500f       0x2e zephyr/kernel/libkernel.a(banner.c.obj)
 .rodata.__l_vfprintf.str1.1
                0x000000000000503d        0xf /opt/nordic/ncs/toolchains/580e4ef81c/opt/zephyr-sdk/arm-zephyr-eabi/bin/../lib/gcc/../../picolibc/arm-zephyr-eabi/lib/thumb/v7e-m/nofp/libc.a(libc_tinystdio_vflprintf.c.o)
 *(SORT_BY_ALIGNMENT(.gnu.linkonce.r.*))
                0x000000000000504c                . = ALIGN (0x4)

.gcc_except_table
 *(SORT_BY_ALIGNMENT(.gcc_except_table) SORT_BY_ALIGNMENT(.gcc_except_table.*))
                0x000000000000504c                __rodata_region_end = .
                0x0000000000005060                . = ALIGN (_region_min_align)
                0x0000000000008000                . = ALIGN ((0x1 << LOG2CEIL ((__rodata_region_end - ADDR (rom_start)))))
                0x0000000000008000                __rom_region_end = ((__rom_region_start + .) - ADDR (rom_start))

/DISCARD/
 *(SORT_BY_ALIGNMENT(.got.plt))
 *(SORT_BY_ALIGNMENT(.igot.plt))
 *(SORT_BY_ALIGNMENT(.got))
 *(SORT_BY_ALIGNMENT(.igot))
                0x0000000020000000                . = 0x20000000
                0x0000000020000000                . = ALIGN (_region_min_align)
                0x0000000020000000                _image_ram_start = .

.ramfunc        0x0000000020000000        0x0 load address 0x000000000000504c
                0x0000000020000000                . = ALIGN (_region_min_align)
                0x0000000020000000                . = ALIGN ((0x1 << LOG2CEIL (__ramfunc_size)))
                0x0000000020000000                __ramfunc_start = .
 *(SORT_BY_ALIGNMENT(.ramfunc))
 *(SORT_BY_ALIGNMENT(.ramfunc.*))
                0x0000000020000000                . = ALIGN (_region_min_align)
                0x0000000020000000                . = ALIGN ((0x1 << LOG2CEIL (__ramfunc_size)))
                0x0000000020000000                __ramfunc_end = .
                0x0000000000000000                __ramfunc_size = (__ramfunc_end - __ramfunc_start)
                0x000000000000504c                __ramfunc_load_start = LOADADDR (.ramfunc)

datas           0x0000000020000000       0x1c load address 0x000000000000504c
                0x0000000020000000                __data_region_start = .
                0x0000000020000000                __data_start = .
 *(SORT_BY_ALIGNMENT(.data))
 *(SORT_BY_ALIGNMENT(.data.*))
 .data._char_out
                0x0000000020000000        0x4 zephyr/libzephyr.a(printk.c.obj)
                0x0000000020000000                _char_out
 .data.__stdout
                0x0000000020000004       0x10 zephyr/lib/libc/picolibc/liblib__libc__picolibc.a(libc-hooks.c.obj)
 .data.timeout_list
                0x0000000020000014        0x8 zephyr/kernel/libkernel.a(timeout.c.obj)
 *(SORT_BY_ALIGNMENT(.kernel.*))
                0x000000002000001c                __data_end = .
                0x000000000000001c                __data_size = (__data_end - __data_start)
                0x000000000000504c                __data_load_start = LOADADDR (datas)
                0x000000000000504c                __data_region_load_start = LOADADDR (datas)

device_states   0x000000002000001c        0x2 load address 0x0000000000005068
                0x000000002000001c                __device_states_start = .
 *(SORT_BY_ALIGNMENT(.z_devstate))
 .z_devstate    0x000000002000001c        0x2 zephyr/drivers/clock_control/libdrivers__clock_control.a(clock_control_nrf.c.obj)
 *(SORT_BY_ALIGNMENT(.z_devstate.*))
                0x000000002000001e                __device_states_end = .

log_mpsc_pbuf_area
                0x000000002000001e        0x0 load address 0x000000000000506a
                0x000000002000001e                _log_mpsc_pbuf_list_start = .
 *(SORT_BY_NAME(SORT_BY_ALIGNMENT(._log_mpsc_pbuf.static.*)))
                0x000000002000001e                _log_mpsc_pbuf_list_end = .

log_msg_ptr_area
                0x000000002000001e        0x0 load address 0x000000000000506a
                0x000000002000001e                _log_msg_ptr_list_start = .
 *(SORT_BY_NAME(SORT_BY_ALIGNMENT(._log_msg_ptr.static.*)))
                0x000000002000001e                _log_msg_ptr_list_end = .

log_dynamic_area
                0x000000002000001e        0x0 load address 0x000000000000506a
                0x000000002000001e                _log_dynamic_list_start = .
 *(SORT_BY_NAME(SORT_BY_ALIGNMENT(._log_dynamic.static.*)))
                0x000000002000001e                _log_dynamic_list_end = .

k_timer_area    0x000000002000001e        0x0 load address 0x000000000000506a
                0x000000002000001e                _k_timer_list_start = .
 *(SORT_BY_NAME(SORT_BY_ALIGNMENT(._k_timer.static.*)))
                0x000000002000001e                _k_timer_list_end = .

k_mem_slab_area
                0x000000002000001e        0x0 load address 0x000000000000506a
                0x000000002000001e                _k_mem_slab_list_start = .
 *(SORT_BY_NAME(SORT_BY_ALIGNMENT(._k_mem_slab.static.*)))
                0x000000002000001e                _k_mem_slab_list_end = .

k_heap_area     0x000000002000001e        0x0 load address 0x000000000000506a
                0x000000002000001e                _k_heap_list_start = .
 *(SORT_BY_NAME(SORT_BY_ALIGNMENT(._k_heap.static.*)))
                0x000000002000001e                _k_heap_list_end = .

k_mutex_area    0x000000002000001e        0x0 load address 0x000000000000506a
                0x000000002000001e                _k_mutex_list_start = .
 *(SORT_BY_NAME(SORT_BY_ALIGNMENT(._k_mutex.static.*)))
                0x000000002000001e                _k_mutex_list_end = .

k_stack_area    0x000000002000001e        0x0 load address 0x000000000000506a
                0x000000002000001e                _k_stack_list_start = .
 *(SORT_BY_NAME(SORT_BY_ALIGNMENT(._k_stack.static.*)))
                0x000000002000001e                _k_stack_list_end = .

k_msgq_area     0x000000002000001e        0x0 load address 0x000000000000506a
                0x000000002000001e                _k_msgq_list_start = .
 *(SORT_BY_NAME(SORT_BY_ALIGNMENT(._k_msgq.static.*)))
                0x000000002000001e                _k_msgq_list_end = .

k_mbox_area     0x000000002000001e        0x0 load address 0x000000000000506a
                0x000000002000001e                _k_mbox_list_start = .
 *(SORT_BY_NAME(SORT_BY_ALIGNMENT(._k_mbox.static.*)))
                0x000000002000001e                _k_mbox_list_end = .

k_pipe_area     0x000000002000001e        0x0 load address 0x000000000000506a
                0x000000002000001e                _k_pipe_list_start = .
 *(SORT_BY_NAME(SORT_BY_ALIGNMENT(._k_pipe.static.*)))
                0x000000002000001e                _k_pipe_list_end = .

k_sem_area      0x000000002000001e        0x0 load address 0x000000000000506a
                0x000000002000001e                _k_sem_list_start = .
 *(SORT_BY_NAME(SORT_BY_ALIGNMENT(._k_sem.static.*)))
                0x000000002000001e                _k_sem_list_end = .

k_event_area    0x000000002000001e        0x0 load address 0x000000000000506a
                0x000000002000001e                _k_event_list_start = .
 *(SORT_BY_NAME(SORT_BY_ALIGNMENT(._k_event.static.*)))
                0x000000002000001e                _k_event_list_end = .

k_queue_area    0x000000002000001e        0x0 load address 0x000000000000506a
                0x000000002000001e                _k_queue_list_start = .
 *(SORT_BY_NAME(SORT_BY_ALIGNMENT(._k_queue.static.*)))
                0x000000002000001e                _k_queue_list_end = .

k_fifo_area     0x000000002000001e        0x0 load address 0x000000000000506a
                0x000000002000001e                _k_fifo_list_start = .
 *(SORT_BY_NAME(SORT_BY_ALIGNMENT(._k_fifo.static.*)))
                0x000000002000001e                _k_fifo_list_end = .

k_lifo_area     0x000000002000001e        0x0 load address 0x000000000000506a
                0x000000002000001e                _k_lifo_list_start = .
 *(SORT_BY_NAME(SORT_BY_ALIGNMENT(._k_lifo.static.*)))
                0x000000002000001e                _k_lifo_list_end = .

k_condvar_area  0x000000002000001e        0x0 load address 0x000000000000506a
                0x000000002000001e                _k_condvar_list_start = .
 *(SORT_BY_NAME(SORT_BY_ALIGNMENT(._k_condvar.static.*)))
                0x000000002000001e                _k_condvar_list_end = .

sys_mem_blocks_ptr_area
                0x000000002000001e        0x0 load address 0x000000000000506a
                0x000000002000001e                _sys_mem_blocks_ptr_list_start = .
 *(SORT_BY_NAME(SORT_BY_ALIGNMENT(._sys_mem_blocks_ptr.static.*)))
                0x000000002000001e                _sys_mem_blocks_ptr_list_end = .

net_buf_pool_area
                0x000000002000001e        0x0 load address 0x000000000000506a
                0x000000002000001e                _net_buf_pool_list_start = .
 *(SORT_BY_NAME(SORT_BY_ALIGNMENT(._net_buf_pool.static.*)))
                0x000000002000001e                _net_buf_pool_list_end = .

.gcc_except_table
 *(SORT_BY_ALIGNMENT(.gcc_except_table) SORT_BY_ALIGNMENT(.gcc_except_table.*))
                0x000000002000001e                __data_region_end = .

bss             0x0000000020000020      0xd7e
                0x0000000020000020                . = ALIGN (0x4)
                0x0000000020000020                __bss_start = .
                0x0000000020000020                __kernel_ram_start = .
 *(SORT_BY_ALIGNMENT(.bss))
 *(SORT_BY_ALIGNMENT(.bss.*))
 .bss.ec21_device_info
                0x0000000020000020      0x140 app/libapp.a(main.cpp.obj)
                0x0000000020000020                ec21_device_info
 .bss.device_info
                0x0000000020000160      0x140 app/libapp.a(EC21V2.cpp.obj)
                0x0000000020000160                device_info
 .bss.cc_data   0x00000000200002a0       0x10 zephyr/drivers/timer/libdrivers__timer.a(nrf_rtc_timer.c.obj)
 .bss.last_count
                0x00000000200002b0        0x8 zephyr/drivers/timer/libdrivers__timer.a(nrf_rtc_timer.c.obj)
 .bss.anchor    0x00000000200002b8        0x8 zephyr/drivers/timer/libdrivers__timer.a(nrf_rtc_timer.c.obj)
 .bss.z_idle_threads
                0x00000000200002c0       0x80 zephyr/kernel/libkernel.a(init.c.obj)
                0x00000000200002c0                z_idle_threads
 .bss.z_main_thread
                0x0000000020000340       0x80 zephyr/kernel/libkernel.a(init.c.obj)
                0x0000000020000340                z_main_thread
 .bss.slice_timeouts
                0x00000000200003c0       0x18 zephyr/kernel/libkernel.a(sched.c.obj)
 .bss.curr_tick
                0x00000000200003d8        0x8 zephyr/kernel/libkernel.a(timeout.c.obj)
 .bss.uarte     0x00000000200003e0        0xc app/libapp.a(main.cpp.obj)
                0x00000000200003e0                uarte
 .bss._ZN4EC216CONFIGE
                0x00000000200003ec       0x14 app/libapp.a(EC21V2.cpp.obj)
                0x00000000200003ec                EC21::CONFIG
 .bss._ZZN3RTC10getCounterEvE6output
                0x0000000020000400        0x4 app/libapp.a(RTC.cpp.obj)
 .bss.z_arm_tls_ptr
                0x0000000020000404        0x4 zephyr/arch/arch/arm/core/libarch__arm__core.a(tls.c.obj)
                0x0000000020000404                z_arm_tls_ptr
 .bss.dynamic_regions.0
                0x0000000020000408        0xc zephyr/arch/arch/arm/core/mpu/libarch__arm__core__mpu.a(arm_core_mpu.c.obj)
 .bss._stdout_hook
                0x0000000020000414        0x4 zephyr/lib/libc/picolibc/liblib__libc__picolibc.a(libc-hooks.c.obj)
 .bss.z_malloc_heap
                0x0000000020000418        0xc zephyr/lib/libc/common/liblib__libc__common.a(malloc.c.obj)
 .bss.cli.2     0x0000000020000424       0x10 zephyr/drivers/clock_control/libdrivers__clock_control.a(clock_control_nrf.c.obj)
 .bss.on.3      0x0000000020000434        0x4 zephyr/drivers/clock_control/libdrivers__clock_control.a(clock_control_nrf.c.obj)
 .bss.data      0x0000000020000438       0x58 zephyr/drivers/clock_control/libdrivers__clock_control.a(clock_control_nrf.c.obj)
 .bss.hfclk_users
                0x0000000020000490        0x4 zephyr/drivers/clock_control/libdrivers__clock_control.a(clock_control_nrf.c.obj)
 .bss.force_isr_mask
                0x0000000020000494        0x4 zephyr/drivers/timer/libdrivers__timer.a(nrf_rtc_timer.c.obj)
 .bss.int_mask  0x0000000020000498        0x4 zephyr/drivers/timer/libdrivers__timer.a(nrf_rtc_timer.c.obj)
 .bss.overflow_cnt
                0x000000002000049c        0x4 zephyr/drivers/timer/libdrivers__timer.a(nrf_rtc_timer.c.obj)
 .bss.m_clock_cb
                0x00000000200004a0        0x8 modules/hal_nordic/nrfx/libmodules__hal_nordic__nrfx.a(nrfx_clock.c.obj)
 .bss._SEGGER_RTT
                0x00000000200004a8       0xa8 modules/segger/libmodules__segger.a(SEGGER_RTT.c.obj)
                0x00000000200004a8                _SEGGER_RTT
 .bss._cpus_active
                0x0000000020000550        0x4 zephyr/kernel/libkernel.a(init.c.obj)
                0x0000000020000550                _cpus_active
 .bss._kernel   0x0000000020000554       0x20 zephyr/kernel/libkernel.a(init.c.obj)
                0x0000000020000554                _kernel
 .bss.pending_current
                0x0000000020000574        0x4 zephyr/kernel/libkernel.a(sched.c.obj)
 .bss.slice_max_prio
                0x0000000020000578        0x4 zephyr/kernel/libkernel.a(sched.c.obj)
 .bss.slice_ticks
                0x000000002000057c        0x4 zephyr/kernel/libkernel.a(sched.c.obj)
 .bss.announce_remaining
                0x0000000020000580        0x4 zephyr/kernel/libkernel.a(timeout.c.obj)
 .bss.rtc       0x0000000020000584        0x4 app/libapp.a(main.cpp.obj)
                0x0000000020000584                rtc
 .bss._ZN4EC2110error_codeE
                0x0000000020000588        0x2 app/libapp.a(EC21V2.cpp.obj)
                0x0000000020000588                EC21::error_code
 .bss.lte       0x000000002000058a        0x1 app/libapp.a(main.cpp.obj)
                0x000000002000058a                lte
 .bss._ZN4EC219lastQueryE
                0x000000002000058b       0xff app/libapp.a(EC21V2.cpp.obj)
                0x000000002000058b                EC21::lastQuery
 .bss._ZL8rxBuffer
                0x000000002000068a       0xff app/libapp.a(EC21V2.cpp.obj)
 .bss._ZN5UARTE13UARTE_RX_BUFFE
                0x0000000020000789       0xff app/libapp.a(UARTE.cpp.obj)
                0x0000000020000789                UARTE::UARTE_RX_BUFF
 .bss._ZN5UARTE13UARTE_TX_BUFFE
                0x0000000020000888       0xff app/libapp.a(UARTE.cpp.obj)
                0x0000000020000888                UARTE::UARTE_TX_BUFF
 .bss.static_regions_num
                0x0000000020000987        0x1 zephyr/arch/arch/arm/core/mpu/libarch__arm__core__mpu.a(arm_mpu.c.obj)
 .bss.once.1    0x0000000020000988        0x1 zephyr/drivers/clock_control/libdrivers__clock_control.a(clock_control_nrf.c.obj)
 .bss.host_present
                0x0000000020000989        0x1 zephyr/drivers/console/libdrivers__console.a(rtt_console.c.obj)
 .bss._acDownBuffer
                0x000000002000098a       0x10 modules/segger/libmodules__segger.a(SEGGER_RTT.c.obj)
 .bss._acUpBuffer
                0x000000002000099a      0x400 modules/segger/libmodules__segger.a(SEGGER_RTT.c.obj)
 .bss.z_sys_post_kernel
                0x0000000020000d9a        0x1 zephyr/kernel/libkernel.a(init.c.obj)
                0x0000000020000d9a                z_sys_post_kernel
 .bss.slice_expired
                0x0000000020000d9b        0x1 zephyr/kernel/libkernel.a(sched.c.obj)
 .bss.sched_spinlock
                0x0000000020000d9c        0x1 zephyr/kernel/libkernel.a(sched.c.obj)
                0x0000000020000d9c                sched_spinlock
 .bss.lock      0x0000000020000d9d        0x1 zephyr/kernel/libkernel.a(sem.c.obj)
 *(SORT_BY_ALIGNMENT(COMMON))
 *(SORT_BY_ALIGNMENT(.kernel_bss.*))
                0x0000000020000da0                __bss_end = ALIGN (0x4)

noinit          0x0000000020000dc0      0xe00
 *(SORT_BY_ALIGNMENT(.noinit))
 *(SORT_BY_ALIGNMENT(.noinit.*))
 .noinit."WEST_TOPDIR/zephyr/kernel/init.c".2
                0x0000000020000dc0      0x840 zephyr/kernel/libkernel.a(init.c.obj)
                0x0000000020000dc0                z_interrupt_stacks
 .noinit."WEST_TOPDIR/zephyr/kernel/init.c".1
                0x0000000020001600      0x180 zephyr/kernel/libkernel.a(init.c.obj)
 .noinit."WEST_TOPDIR/zephyr/kernel/init.c".0
                0x0000000020001780      0x440 zephyr/kernel/libkernel.a(init.c.obj)
                0x0000000020001780                z_main_stack
 *(SORT_BY_ALIGNMENT(.kernel_noinit.*))
                0x0000000020010000                __kernel_ram_end = 0x20010000
                0x000000000000ffe0                __kernel_ram_size = (__kernel_ram_end - __kernel_ram_start)

/DISCARD/
 *(SORT_BY_ALIGNMENT(.irq_info*))
 *(SORT_BY_ALIGNMENT(.intList*))

.last_ram_section
                0x0000000020001bc0        0x0
                0x0000000020001bc0                _image_ram_end = .
                0x0000000000001bc0                _image_ram_size = (_image_ram_end - _image_ram_start)
                0x0000000020001bc0                _end = .
                0x0000000020001bc0                z_mapped_end = .

.stab
 *(SORT_BY_ALIGNMENT(.stab))

.stabstr
 *(SORT_BY_ALIGNMENT(.stabstr))

.stab.excl
 *(SORT_BY_ALIGNMENT(.stab.excl))

.stab.exclstr
 *(SORT_BY_ALIGNMENT(.stab.exclstr))

.stab.index
 *(SORT_BY_ALIGNMENT(.stab.index))

.stab.indexstr
 *(SORT_BY_ALIGNMENT(.stab.indexstr))

.gnu.build.attributes
 *(SORT_BY_ALIGNMENT(.gnu.build.attributes) SORT_BY_ALIGNMENT(.gnu.build.attributes.*))

.comment        0x0000000000000000       0x20
 *(SORT_BY_ALIGNMENT(.comment))
 .comment       0x0000000000000000       0x20 zephyr/CMakeFiles/zephyr_final.dir/isr_tables.c.obj
                                         0x21 (size before relaxing)
 .comment       0x0000000000000020       0x21 zephyr/CMakeFiles/offsets.dir/./arch/arm/core/offsets/offsets.c.obj
 .comment       0x0000000000000020       0x21 app/libapp.a(main.cpp.obj)
 .comment       0x0000000000000020       0x21 app/libapp.a(EC21V2.cpp.obj)
 .comment       0x0000000000000020       0x21 app/libapp.a(UARTE.cpp.obj)
 .comment       0x0000000000000020       0x21 app/libapp.a(RTC.cpp.obj)
 .comment       0x0000000000000020       0x21 zephyr/libzephyr.a(cpp_init.c.obj)
 .comment       0x0000000000000020       0x21 zephyr/libzephyr.a(cpp_init_array.c.obj)
 .comment       0x0000000000000020       0x21 zephyr/libzephyr.a(cpp_ctors.c.obj)
 .comment       0x0000000000000020       0x21 zephyr/libzephyr.a(heap.c.obj)
 .comment       0x0000000000000020       0x21 zephyr/libzephyr.a(printk.c.obj)
 .comment       0x0000000000000020       0x21 zephyr/libzephyr.a(thread_entry.c.obj)
 .comment       0x0000000000000020       0x21 zephyr/libzephyr.a(timeutil.c.obj)
 .comment       0x0000000000000020       0x21 zephyr/libzephyr.a(onoff.c.obj)
 .comment       0x0000000000000020       0x21 zephyr/libzephyr.a(notify.c.obj)
 .comment       0x0000000000000020       0x21 zephyr/libzephyr.a(configs.c.obj)
 .comment       0x0000000000000020       0x21 zephyr/libzephyr.a(mem_attr.c.obj)
 .comment       0x0000000000000020       0x21 zephyr/arch/arch/arm/core/libarch__arm__core.a(fatal.c.obj)
 .comment       0x0000000000000020       0x21 zephyr/arch/arch/arm/core/libarch__arm__core.a(nmi.c.obj)
 .comment       0x0000000000000020       0x21 zephyr/arch/arch/arm/core/libarch__arm__core.a(tls.c.obj)
 .comment       0x0000000000000020       0x21 zephyr/arch/arch/arm/core/cortex_m/libarch__arm__core__cortex_m.a(fault.c.obj)
 .comment       0x0000000000000020       0x21 zephyr/arch/arch/arm/core/cortex_m/libarch__arm__core__cortex_m.a(scb.c.obj)
 .comment       0x0000000000000020       0x21 zephyr/arch/arch/arm/core/cortex_m/libarch__arm__core__cortex_m.a(thread_abort.c.obj)
 .comment       0x0000000000000020       0x21 zephyr/arch/arch/arm/core/cortex_m/libarch__arm__core__cortex_m.a(swap.c.obj)
 .comment       0x0000000000000020       0x21 zephyr/arch/arch/arm/core/cortex_m/libarch__arm__core__cortex_m.a(irq_manage.c.obj)
 .comment       0x0000000000000020       0x21 zephyr/arch/arch/arm/core/cortex_m/libarch__arm__core__cortex_m.a(prep_c.c.obj)
 .comment       0x0000000000000020       0x21 zephyr/arch/arch/arm/core/cortex_m/libarch__arm__core__cortex_m.a(thread.c.obj)
 .comment       0x0000000000000020       0x21 zephyr/arch/arch/arm/core/cortex_m/libarch__arm__core__cortex_m.a(irq_init.c.obj)
 .comment       0x0000000000000020       0x21 zephyr/arch/arch/arm/core/mpu/libarch__arm__core__mpu.a(arm_core_mpu.c.obj)
 .comment       0x0000000000000020       0x21 zephyr/arch/arch/arm/core/mpu/libarch__arm__core__mpu.a(arm_mpu.c.obj)
 .comment       0x0000000000000020       0x21 zephyr/arch/arch/arm/core/mpu/libarch__arm__core__mpu.a(arm_mpu_regions.c.obj)
 .comment       0x0000000000000020       0x21 zephyr/lib/libc/picolibc/liblib__libc__picolibc.a(libc-hooks.c.obj)
 .comment       0x0000000000000020       0x21 zephyr/lib/libc/common/liblib__libc__common.a(malloc.c.obj)
 .comment       0x0000000000000020       0x21 zephyr/soc/soc/arm/nordic_nrf/libsoc__arm__nordic_nrf.a(soc.c.obj)
 .comment       0x0000000000000020       0x21 zephyr/drivers/clock_control/libdrivers__clock_control.a(clock_control_nrf.c.obj)
 .comment       0x0000000000000020       0x21 zephyr/drivers/console/libdrivers__console.a(rtt_console.c.obj)
 .comment       0x0000000000000020       0x21 zephyr/drivers/timer/libdrivers__timer.a(nrf_rtc_timer.c.obj)
 .comment       0x0000000000000020       0x21 modules/nrf/lib/fatal_error/lib..__nrf__lib__fatal_error.a(fatal_error.c.obj)
 .comment       0x0000000000000020       0x21 modules/hal_nordic/nrfx/libmodules__hal_nordic__nrfx.a(system_nrf52.c.obj)
 .comment       0x0000000000000020       0x21 modules/hal_nordic/nrfx/libmodules__hal_nordic__nrfx.a(nrfx_glue.c.obj)
 .comment       0x0000000000000020       0x21 modules/hal_nordic/nrfx/libmodules__hal_nordic__nrfx.a(nrfx_clock.c.obj)
 .comment       0x0000000000000020       0x21 modules/segger/libmodules__segger.a(SEGGER_RTT.c.obj)
 .comment       0x0000000000000020       0x21 modules/segger/libmodules__segger.a(SEGGER_RTT_zephyr.c.obj)
 .comment       0x0000000000000020       0x21 zephyr/kernel/libkernel.a(busy_wait.c.obj)
 .comment       0x0000000000000020       0x21 zephyr/kernel/libkernel.a(fatal.c.obj)
 .comment       0x0000000000000020       0x21 zephyr/kernel/libkernel.a(init.c.obj)
 .comment       0x0000000000000020       0x21 zephyr/kernel/libkernel.a(thread.c.obj)
 .comment       0x0000000000000020       0x21 zephyr/kernel/libkernel.a(sched.c.obj)
 .comment       0x0000000000000020       0x21 zephyr/kernel/libkernel.a(idle.c.obj)
 .comment       0x0000000000000020       0x21 zephyr/kernel/libkernel.a(sem.c.obj)
 .comment       0x0000000000000020       0x21 zephyr/kernel/libkernel.a(xip.c.obj)
 .comment       0x0000000000000020       0x21 zephyr/kernel/libkernel.a(timeout.c.obj)
 .comment       0x0000000000000020       0x21 zephyr/kernel/libkernel.a(banner.c.obj)
 .comment       0x0000000000000020       0x21 zephyr/kernel/libkernel.a(device.c.obj)

.debug
 *(SORT_BY_ALIGNMENT(.debug))

.line
 *(SORT_BY_ALIGNMENT(.line))

.debug_srcinfo
 *(SORT_BY_ALIGNMENT(.debug_srcinfo))

.debug_sfnames
 *(SORT_BY_ALIGNMENT(.debug_sfnames))

.debug_aranges  0x0000000000000000     0x12e0
 *(SORT_BY_ALIGNMENT(.debug_aranges))
 .debug_aranges
                0x0000000000000000       0x20 zephyr/arch/arch/arm/core/libarch__arm__core.a(nmi_on_reset.S.obj)
 .debug_aranges
                0x0000000000000020       0x20 zephyr/arch/arch/arm/core/cortex_m/libarch__arm__core__cortex_m.a(exc_exit.S.obj)
 .debug_aranges
                0x0000000000000040       0x20 zephyr/arch/arch/arm/core/cortex_m/libarch__arm__core__cortex_m.a(fault_s.S.obj)
 .debug_aranges
                0x0000000000000060       0x20 zephyr/arch/arch/arm/core/cortex_m/libarch__arm__core__cortex_m.a(reset.S.obj)
 .debug_aranges
                0x0000000000000080       0x28 zephyr/arch/arch/arm/core/cortex_m/libarch__arm__core__cortex_m.a(swap_helper.S.obj)
 .debug_aranges
                0x00000000000000a8       0x30 zephyr/arch/arch/arm/core/cortex_m/libarch__arm__core__cortex_m.a(cpu_idle.S.obj)
 .debug_aranges
                0x00000000000000d8       0x20 zephyr/arch/arch/arm/core/cortex_m/libarch__arm__core__cortex_m.a(isr_wrapper.S.obj)
 .debug_aranges
                0x00000000000000f8       0x20 zephyr/arch/arch/arm/core/cortex_m/libarch__arm__core__cortex_m.a(__aeabi_read_tp.S.obj)
 .debug_aranges
                0x0000000000000118       0x20 zephyr/soc/soc/arm/nordic_nrf/libsoc__arm__nordic_nrf.a(soc_nrf_common.S.obj)
 .debug_aranges
                0x0000000000000138       0x18 zephyr/CMakeFiles/zephyr_final.dir/isr_tables.c.obj
 .debug_aranges
                0x0000000000000150       0x20 zephyr/CMakeFiles/offsets.dir/./arch/arm/core/offsets/offsets.c.obj
 .debug_aranges
                0x0000000000000170       0x40 app/libapp.a(main.cpp.obj)
 .debug_aranges
                0x00000000000001b0       0xd8 app/libapp.a(EC21V2.cpp.obj)
 .debug_aranges
                0x0000000000000288       0x68 app/libapp.a(UARTE.cpp.obj)
 .debug_aranges
                0x00000000000002f0       0x60 app/libapp.a(RTC.cpp.obj)
 .debug_aranges
                0x0000000000000350       0x20 zephyr/libzephyr.a(cpp_init.c.obj)
 .debug_aranges
                0x0000000000000370       0x20 zephyr/libzephyr.a(cpp_init_array.c.obj)
 .debug_aranges
                0x0000000000000390       0x20 zephyr/libzephyr.a(cpp_ctors.c.obj)
 .debug_aranges
                0x00000000000003b0       0x88 zephyr/libzephyr.a(heap.c.obj)
 .debug_aranges
                0x0000000000000438       0x50 zephyr/libzephyr.a(printk.c.obj)
 .debug_aranges
                0x0000000000000488       0x20 zephyr/libzephyr.a(thread_entry.c.obj)
 .debug_aranges
                0x00000000000004a8       0x58 zephyr/libzephyr.a(timeutil.c.obj)
 .debug_aranges
                0x0000000000000500       0x90 zephyr/libzephyr.a(onoff.c.obj)
 .debug_aranges
                0x0000000000000590       0x28 zephyr/libzephyr.a(notify.c.obj)
 .debug_aranges
                0x00000000000005b8       0x20 zephyr/libzephyr.a(configs.c.obj)
 .debug_aranges
                0x00000000000005d8       0x28 zephyr/libzephyr.a(mem_attr.c.obj)
 .debug_aranges
                0x0000000000000600       0x30 zephyr/arch/arch/arm/core/libarch__arm__core.a(fatal.c.obj)
 .debug_aranges
                0x0000000000000630       0x20 zephyr/arch/arch/arm/core/libarch__arm__core.a(nmi.c.obj)
 .debug_aranges
                0x0000000000000650       0x20 zephyr/arch/arch/arm/core/libarch__arm__core.a(tls.c.obj)
 .debug_aranges
                0x0000000000000670       0x40 zephyr/arch/arch/arm/core/cortex_m/libarch__arm__core__cortex_m.a(fault.c.obj)
 .debug_aranges
                0x00000000000006b0       0x30 zephyr/arch/arch/arm/core/cortex_m/libarch__arm__core__cortex_m.a(scb.c.obj)
 .debug_aranges
                0x00000000000006e0       0x20 zephyr/arch/arch/arm/core/cortex_m/libarch__arm__core__cortex_m.a(thread_abort.c.obj)
 .debug_aranges
                0x0000000000000700       0x20 zephyr/arch/arch/arm/core/cortex_m/libarch__arm__core__cortex_m.a(swap.c.obj)
 .debug_aranges
                0x0000000000000720       0x40 zephyr/arch/arch/arm/core/cortex_m/libarch__arm__core__cortex_m.a(irq_manage.c.obj)
 .debug_aranges
                0x0000000000000760       0x20 zephyr/arch/arch/arm/core/cortex_m/libarch__arm__core__cortex_m.a(prep_c.c.obj)
 .debug_aranges
                0x0000000000000780       0x30 zephyr/arch/arch/arm/core/cortex_m/libarch__arm__core__cortex_m.a(thread.c.obj)
 .debug_aranges
                0x00000000000007b0       0x20 zephyr/arch/arch/arm/core/cortex_m/libarch__arm__core__cortex_m.a(irq_init.c.obj)
 .debug_aranges
                0x00000000000007d0       0x28 zephyr/arch/arch/arm/core/mpu/libarch__arm__core__mpu.a(arm_core_mpu.c.obj)
 .debug_aranges
                0x00000000000007f8       0x58 zephyr/arch/arch/arm/core/mpu/libarch__arm__core__mpu.a(arm_mpu.c.obj)
 .debug_aranges
                0x0000000000000850       0x18 zephyr/arch/arch/arm/core/mpu/libarch__arm__core__mpu.a(arm_mpu_regions.c.obj)
 .debug_aranges
                0x0000000000000868       0xb0 zephyr/lib/libc/picolibc/liblib__libc__picolibc.a(libc-hooks.c.obj)
 .debug_aranges
                0x0000000000000918       0x60 zephyr/lib/libc/common/liblib__libc__common.a(malloc.c.obj)
 .debug_aranges
                0x0000000000000978       0x28 zephyr/soc/soc/arm/nordic_nrf/libsoc__arm__nordic_nrf.a(soc.c.obj)
 .debug_aranges
                0x00000000000009a0       0xc8 zephyr/drivers/clock_control/libdrivers__clock_control.a(clock_control_nrf.c.obj)
 .debug_aranges
                0x0000000000000a68       0x28 zephyr/drivers/console/libdrivers__console.a(rtt_console.c.obj)
 .debug_aranges
                0x0000000000000a90       0xd8 zephyr/drivers/timer/libdrivers__timer.a(nrf_rtc_timer.c.obj)
 .debug_aranges
                0x0000000000000b68       0x20 modules/nrf/lib/fatal_error/lib..__nrf__lib__fatal_error.a(fatal_error.c.obj)
 .debug_aranges
                0x0000000000000b88       0x48 modules/hal_nordic/nrfx/libmodules__hal_nordic__nrfx.a(system_nrf52.c.obj)
 .debug_aranges
                0x0000000000000bd0       0x30 modules/hal_nordic/nrfx/libmodules__hal_nordic__nrfx.a(nrfx_glue.c.obj)
 .debug_aranges
                0x0000000000000c00       0x60 modules/hal_nordic/nrfx/libmodules__hal_nordic__nrfx.a(nrfx_clock.c.obj)
 .debug_aranges
                0x0000000000000c60      0x138 modules/segger/libmodules__segger.a(SEGGER_RTT.c.obj)
 .debug_aranges
                0x0000000000000d98       0x40 modules/segger/libmodules__segger.a(SEGGER_RTT_zephyr.c.obj)
 .debug_aranges
                0x0000000000000dd8       0x20 zephyr/kernel/libkernel.a(busy_wait.c.obj)
 .debug_aranges
                0x0000000000000df8       0x60 zephyr/kernel/libkernel.a(fatal.c.obj)
 .debug_aranges
                0x0000000000000e58       0x58 zephyr/kernel/libkernel.a(init.c.obj)
 .debug_aranges
                0x0000000000000eb0       0xb8 zephyr/kernel/libkernel.a(thread.c.obj)